17:40:39 **** Build of configuration Debug for project test ****
make -j4 all 
arm-none-eabi-gcc "../Drivers/STM32F4xx_HAL_Driver/Src/stm32f4xx_hal.c" -mcpu=cortex-m4 -std=gnu11 -g3 -DUSE_HAL_DRIVER -DDEBUG -DSTM32F407xx -c -I../Drivers/CMSIS/Include -I../Drivers/STM32F4xx_HAL_Driver/Inc -I../Core/Inc -I../Drivers/CMSIS/Device/ST/STM32F4xx/Include -I../Drivers/STM32F4xx_HAL_Driver/Inc/Legacy -O0 -ffunction-sections -fdata-sections -Wall -fstack-usage -MMD -MP -MF"Drivers/STM32F4xx_HAL_Driver/Src/stm32f4xx_hal.d" -MT"Drivers/STM32F4xx_HAL_Driver/Src/stm32f4xx_hal.o" --specs=nano.specs -mfpu=fpv4-sp-d16 -mfloat-abi=hard -mthumb -o "Drivers/STM32F4xx_HAL_Driver/Src/stm32f4xx_hal.o"
arm-none-eabi-gcc "../Drivers/STM32F4xx_HAL_Driver/Src/stm32f4xx_hal_cortex.c" -mcpu=cortex-m4 -std=gnu11 -g3 -DUSE_HAL_DRIVER -DDEBUG -DSTM32F407xx -c -I../Drivers/CMSIS/Include -I../Drivers/STM32F4xx_HAL_Driver/Inc -I../Core/Inc -I../Drivers/CMSIS/Device/ST/STM32F4xx/Include -I../Drivers/STM32F4xx_HAL_Driver/Inc/Legacy -O0 -ffunction-sections -fdata-sections -Wall -fstack-usage -MMD -MP -MF"Drivers/STM32F4xx_HAL_Driver/Src/stm32f4xx_hal_cortex.d" -MT"Drivers/STM32F4xx_HAL_Driver/Src/stm32f4xx_hal_cortex.o" --specs=nano.specs -mfpu=fpv4-sp-d16 -mfloat-abi=hard -mthumb -o "Drivers/STM32F4xx_HAL_Driver/Src/stm32f4xx_hal_cortex.o"
arm-none-eabi-gcc "../Drivers/STM32F4xx_HAL_Driver/Src/stm32f4xx_hal_dma.c" -mcpu=cortex-m4 -std=gnu11 -g3 -DUSE_HAL_DRIVER -DDEBUG -DSTM32F407xx -c -I../Drivers/CMSIS/Include -I../Drivers/STM32F4xx_HAL_Driver/Inc -I../Core/Inc -I../Drivers/CMSIS/Device/ST/STM32F4xx/Include -I../Drivers/STM32F4xx_HAL_Driver/Inc/Legacy -O0 -ffunction-sections -fdata-sections -Wall -fstack-usage -MMD -MP -MF"Drivers/STM32F4xx_HAL_Driver/Src/stm32f4xx_hal_dma.d" -MT"Drivers/STM32F4xx_HAL_Driver/Src/stm32f4xx_hal_dma.o" --specs=nano.specs -mfpu=fpv4-sp-d16 -mfloat-abi=hard -mthumb -o "Drivers/STM32F4xx_HAL_Driver/Src/stm32f4xx_hal_dma.o"
arm-none-eabi-gcc "../Drivers/STM32F4xx_HAL_Driver/Src/stm32f4xx_hal_dma_ex.c" -mcpu=cortex-m4 -std=gnu11 -g3 -DUSE_HAL_DRIVER -DDEBUG -DSTM32F407xx -c -I../Drivers/CMSIS/Include -I../Drivers/STM32F4xx_HAL_Driver/Inc -I../Core/Inc -I../Drivers/CMSIS/Device/ST/STM32F4xx/Include -I../Drivers/STM32F4xx_HAL_Driver/Inc/Legacy -O0 -ffunction-sections -fdata-sections -Wall -fstack-usage -MMD -MP -MF"Drivers/STM32F4xx_HAL_Driver/Src/stm32f4xx_hal_dma_ex.d" -MT"Drivers/STM32F4xx_HAL_Driver/Src/stm32f4xx_hal_dma_ex.o" --specs=nano.specs -mfpu=fpv4-sp-d16 -mfloat-abi=hard -mthumb -o "Drivers/STM32F4xx_HAL_Driver/Src/stm32f4xx_hal_dma_ex.o"
arm-none-eabi-gcc "../Drivers/STM32F4xx_HAL_Driver/Src/stm32f4xx_hal_exti.c" -mcpu=cortex-m4 -std=gnu11 -g3 -DUSE_HAL_DRIVER -DDEBUG -DSTM32F407xx -c -I../Drivers/CMSIS/Include -I../Drivers/STM32F4xx_HAL_Driver/Inc -I../Core/Inc -I../Drivers/CMSIS/Device/ST/STM32F4xx/Include -I../Drivers/STM32F4xx_HAL_Driver/Inc/Legacy -O0 -ffunction-sections -fdata-sections -Wall -fstack-usage -MMD -MP -MF"Drivers/STM32F4xx_HAL_Driver/Src/stm32f4xx_hal_exti.d" -MT"Drivers/STM32F4xx_HAL_Driver/Src/stm32f4xx_hal_exti.o" --specs=nano.specs -mfpu=fpv4-sp-d16 -mfloat-abi=hard -mthumb -o "Drivers/STM32F4xx_HAL_Driver/Src/stm32f4xx_hal_exti.o"
arm-none-eabi-gcc "../Drivers/STM32F4xx_HAL_Driver/Src/stm32f4xx_hal_flash.c" -mcpu=cortex-m4 -std=gnu11 -g3 -DUSE_HAL_DRIVER -DDEBUG -DSTM32F407xx -c -I../Drivers/CMSIS/Include -I../Drivers/STM32F4xx_HAL_Driver/Inc -I../Core/Inc -I../Drivers/CMSIS/Device/ST/STM32F4xx/Include -I../Drivers/STM32F4xx_HAL_Driver/Inc/Legacy -O0 -ffunction-sections -fdata-sections -Wall -fstack-usage -MMD -MP -MF"Drivers/STM32F4xx_HAL_Driver/Src/stm32f4xx_hal_flash.d" -MT"Drivers/STM32F4xx_HAL_Driver/Src/stm32f4xx_hal_flash.o" --specs=nano.specs -mfpu=fpv4-sp-d16 -mfloat-abi=hard -mthumb -o "Drivers/STM32F4xx_HAL_Driver/Src/stm32f4xx_hal_flash.o"
arm-none-eabi-gcc "../Drivers/STM32F4xx_HAL_Driver/Src/stm32f4xx_hal_flash_ex.c" -mcpu=cortex-m4 -std=gnu11 -g3 -DUSE_HAL_DRIVER -DDEBUG -DSTM32F407xx -c -I../Drivers/CMSIS/Include -I../Drivers/STM32F4xx_HAL_Driver/Inc -I../Core/Inc -I../Drivers/CMSIS/Device/ST/STM32F4xx/Include -I../Drivers/STM32F4xx_HAL_Driver/Inc/Legacy -O0 -ffunction-sections -fdata-sections -Wall -fstack-usage -MMD -MP -MF"Drivers/STM32F4xx_HAL_Driver/Src/stm32f4xx_hal_flash_ex.d" -MT"Drivers/STM32F4xx_HAL_Driver/Src/stm32f4xx_hal_flash_ex.o" --specs=nano.specs -mfpu=fpv4-sp-d16 -mfloat-abi=hard -mthumb -o "Drivers/STM32F4xx_HAL_Driver/Src/stm32f4xx_hal_flash_ex.o"
arm-none-eabi-gcc "../Drivers/STM32F4xx_HAL_Driver/Src/stm32f4xx_hal_flash_ramfunc.c" -mcpu=cortex-m4 -std=gnu11 -g3 -DUSE_HAL_DRIVER -DDEBUG -DSTM32F407xx -c -I../Drivers/CMSIS/Include -I../Drivers/STM32F4xx_HAL_Driver/Inc -I../Core/Inc -I../Drivers/CMSIS/Device/ST/STM32F4xx/Include -I../Drivers/STM32F4xx_HAL_Driver/Inc/Legacy -O0 -ffunction-sections -fdata-sections -Wall -fstack-usage -MMD -MP -MF"Drivers/STM32F4xx_HAL_Driver/Src/stm32f4xx_hal_flash_ramfunc.d" -MT"Drivers/STM32F4xx_HAL_Driver/Src/stm32f4xx_hal_flash_ramfunc.o" --specs=nano.specs -mfpu=fpv4-sp-d16 -mfloat-abi=hard -mthumb -o "Drivers/STM32F4xx_HAL_Driver/Src/stm32f4xx_hal_flash_ramfunc.o"
arm-none-eabi-gcc "../Drivers/STM32F4xx_HAL_Driver/Src/stm32f4xx_hal_gpio.c" -mcpu=cortex-m4 -std=gnu11 -g3 -DUSE_HAL_DRIVER -DDEBUG -DSTM32F407xx -c -I../Drivers/CMSIS/Include -I../Drivers/STM32F4xx_HAL_Driver/Inc -I../Core/Inc -I../Drivers/CMSIS/Device/ST/STM32F4xx/Include -I../Drivers/STM32F4xx_HAL_Driver/Inc/Legacy -O0 -ffunction-sections -fdata-sections -Wall -fstack-usage -MMD -MP -MF"Drivers/STM32F4xx_HAL_Driver/Src/stm32f4xx_hal_gpio.d" -MT"Drivers/STM32F4xx_HAL_Driver/Src/stm32f4xx_hal_gpio.o" --specs=nano.specs -mfpu=fpv4-sp-d16 -mfloat-abi=hard -mthumb -o "Drivers/STM32F4xx_HAL_Driver/Src/stm32f4xx_hal_gpio.o"
arm-none-eabi-gcc "../Drivers/STM32F4xx_HAL_Driver/Src/stm32f4xx_hal_i2c.c" -mcpu=cortex-m4 -std=gnu11 -g3 -DUSE_HAL_DRIVER -DDEBUG -DSTM32F407xx -c -I../Drivers/CMSIS/Include -I../Drivers/STM32F4xx_HAL_Driver/Inc -I../Core/Inc -I../Drivers/CMSIS/Device/ST/STM32F4xx/Include -I../Drivers/STM32F4xx_HAL_Driver/Inc/Legacy -O0 -ffunction-sections -fdata-sections -Wall -fstack-usage -MMD -MP -MF"Drivers/STM32F4xx_HAL_Driver/Src/stm32f4xx_hal_i2c.d" -MT"Drivers/STM32F4xx_HAL_Driver/Src/stm32f4xx_hal_i2c.o" --specs=nano.specs -mfpu=fpv4-sp-d16 -mfloat-abi=hard -mthumb -o "Drivers/STM32F4xx_HAL_Driver/Src/stm32f4xx_hal_i2c.o"
arm-none-eabi-gcc "../Drivers/STM32F4xx_HAL_Driver/Src/stm32f4xx_hal_i2c_ex.c" -mcpu=cortex-m4 -std=gnu11 -g3 -DUSE_HAL_DRIVER -DDEBUG -DSTM32F407xx -c -I../Drivers/CMSIS/Include -I../Drivers/STM32F4xx_HAL_Driver/Inc -I../Core/Inc -I../Drivers/CMSIS/Device/ST/STM32F4xx/Include -I../Drivers/STM32F4xx_HAL_Driver/Inc/Legacy -O0 -ffunction-sections -fdata-sections -Wall -fstack-usage -MMD -MP -MF"Drivers/STM32F4xx_HAL_Driver/Src/stm32f4xx_hal_i2c_ex.d" -MT"Drivers/STM32F4xx_HAL_Driver/Src/stm32f4xx_hal_i2c_ex.o" --specs=nano.specs -mfpu=fpv4-sp-d16 -mfloat-abi=hard -mthumb -o "Drivers/STM32F4xx_HAL_Driver/Src/stm32f4xx_hal_i2c_ex.o"
arm-none-eabi-gcc "../Drivers/STM32F4xx_HAL_Driver/Src/stm32f4xx_hal_pwr.c" -mcpu=cortex-m4 -std=gnu11 -g3 -DUSE_HAL_DRIVER -DDEBUG -DSTM32F407xx -c -I../Drivers/CMSIS/Include -I../Drivers/STM32F4xx_HAL_Driver/Inc -I../Core/Inc -I../Drivers/CMSIS/Device/ST/STM32F4xx/Include -I../Drivers/STM32F4xx_HAL_Driver/Inc/Legacy -O0 -ffunction-sections -fdata-sections -Wall -fstack-usage -MMD -MP -MF"Drivers/STM32F4xx_HAL_Driver/Src/stm32f4xx_hal_pwr.d" -MT"Drivers/STM32F4xx_HAL_Driver/Src/stm32f4xx_hal_pwr.o" --specs=nano.specs -mfpu=fpv4-sp-d16 -mfloat-abi=hard -mthumb -o "Drivers/STM32F4xx_HAL_Driver/Src/stm32f4xx_hal_pwr.o"
arm-none-eabi-gcc "../Drivers/STM32F4xx_HAL_Driver/Src/stm32f4xx_hal_pwr_ex.c" -mcpu=cortex-m4 -std=gnu11 -g3 -DUSE_HAL_DRIVER -DDEBUG -DSTM32F407xx -c -I../Drivers/CMSIS/Include -I../Drivers/STM32F4xx_HAL_Driver/Inc -I../Core/Inc -I../Drivers/CMSIS/Device/ST/STM32F4xx/Include -I../Drivers/STM32F4xx_HAL_Driver/Inc/Legacy -O0 -ffunction-sections -fdata-sections -Wall -fstack-usage -MMD -MP -MF"Drivers/STM32F4xx_HAL_Driver/Src/stm32f4xx_hal_pwr_ex.d" -MT"Drivers/STM32F4xx_HAL_Driver/Src/stm32f4xx_hal_pwr_ex.o" --specs=nano.specs -mfpu=fpv4-sp-d16 -mfloat-abi=hard -mthumb -o "Drivers/STM32F4xx_HAL_Driver/Src/stm32f4xx_hal_pwr_ex.o"
arm-none-eabi-gcc "../Drivers/STM32F4xx_HAL_Driver/Src/stm32f4xx_hal_rcc.c" -mcpu=cortex-m4 -std=gnu11 -g3 -DUSE_HAL_DRIVER -DDEBUG -DSTM32F407xx -c -I../Drivers/CMSIS/Include -I../Drivers/STM32F4xx_HAL_Driver/Inc -I../Core/Inc -I../Drivers/CMSIS/Device/ST/STM32F4xx/Include -I../Drivers/STM32F4xx_HAL_Driver/Inc/Legacy -O0 -ffunction-sections -fdata-sections -Wall -fstack-usage -MMD -MP -MF"Drivers/STM32F4xx_HAL_Driver/Src/stm32f4xx_hal_rcc.d" -MT"Drivers/STM32F4xx_HAL_Driver/Src/stm32f4xx_hal_rcc.o" --specs=nano.specs -mfpu=fpv4-sp-d16 -mfloat-abi=hard -mthumb -o "Drivers/STM32F4xx_HAL_Driver/Src/stm32f4xx_hal_rcc.o"
arm-none-eabi-gcc "../Drivers/STM32F4xx_HAL_Driver/Src/stm32f4xx_hal_rcc_ex.c" -mcpu=cortex-m4 -std=gnu11 -g3 -DUSE_HAL_DRIVER -DDEBUG -DSTM32F407xx -c -I../Drivers/CMSIS/Include -I../Drivers/STM32F4xx_HAL_Driver/Inc -I../Core/Inc -I../Drivers/CMSIS/Device/ST/STM32F4xx/Include -I../Drivers/STM32F4xx_HAL_Driver/Inc/Legacy -O0 -ffunction-sections -fdata-sections -Wall -fstack-usage -MMD -MP -MF"Drivers/STM32F4xx_HAL_Driver/Src/stm32f4xx_hal_rcc_ex.d" -MT"Drivers/STM32F4xx_HAL_Driver/Src/stm32f4xx_hal_rcc_ex.o" --specs=nano.specs -mfpu=fpv4-sp-d16 -mfloat-abi=hard -mthumb -o "Drivers/STM32F4xx_HAL_Driver/Src/stm32f4xx_hal_rcc_ex.o"
arm-none-eabi-gcc "../Drivers/STM32F4xx_HAL_Driver/Src/stm32f4xx_hal_tim.c" -mcpu=cortex-m4 -std=gnu11 -g3 -DUSE_HAL_DRIVER -DDEBUG -DSTM32F407xx -c -I../Drivers/CMSIS/Include -I../Drivers/STM32F4xx_HAL_Driver/Inc -I../Core/Inc -I../Drivers/CMSIS/Device/ST/STM32F4xx/Include -I../Drivers/STM32F4xx_HAL_Driver/Inc/Legacy -O0 -ffunction-sections -fdata-sections -Wall -fstack-usage -MMD -MP -MF"Drivers/STM32F4xx_HAL_Driver/Src/stm32f4xx_hal_tim.d" -MT"Drivers/STM32F4xx_HAL_Driver/Src/stm32f4xx_hal_tim.o" --specs=nano.specs -mfpu=fpv4-sp-d16 -mfloat-abi=hard -mthumb -o "Drivers/STM32F4xx_HAL_Driver/Src/stm32f4xx_hal_tim.o"
arm-none-eabi-gcc "../Drivers/STM32F4xx_HAL_Driver/Src/stm32f4xx_hal_tim_ex.c" -mcpu=cortex-m4 -std=gnu11 -g3 -DUSE_HAL_DRIVER -DDEBUG -DSTM32F407xx -c -I../Drivers/CMSIS/Include -I../Drivers/STM32F4xx_HAL_Driver/Inc -I../Core/Inc -I../Drivers/CMSIS/Device/ST/STM32F4xx/Include -I../Drivers/STM32F4xx_HAL_Driver/Inc/Legacy -O0 -ffunction-sections -fdata-sections -Wall -fstack-usage -MMD -MP -MF"Drivers/STM32F4xx_HAL_Driver/Src/stm32f4xx_hal_tim_ex.d" -MT"Drivers/STM32F4xx_HAL_Driver/Src/stm32f4xx_hal_tim_ex.o" --specs=nano.specs -mfpu=fpv4-sp-d16 -mfloat-abi=hard -mthumb -o "Drivers/STM32F4xx_HAL_Driver/Src/stm32f4xx_hal_tim_ex.o"
arm-none-eabi-gcc -mcpu=cortex-m4 -g3 -c -x assembler-with-cpp --specs=nano.specs -mfpu=fpv4-sp-d16 -mfloat-abi=hard -mthumb -o "Core/Startup/startup_stm32f407vgtx.o" "../Core/Startup/startup_stm32f407vgtx.s"
arm-none-eabi-gcc "../Core/Src/main.c" -mcpu=cortex-m4 -std=gnu11 -g3 -DUSE_HAL_DRIVER -DDEBUG -DSTM32F407xx -c -I../Drivers/CMSIS/Include -I../Drivers/STM32F4xx_HAL_Driver/Inc -I../Core/Inc -I../Drivers/CMSIS/Device/ST/STM32F4xx/Include -I../Drivers/STM32F4xx_HAL_Driver/Inc/Legacy -O0 -ffunction-sections -fdata-sections -Wall -fstack-usage -MMD -MP -MF"Core/Src/main.d" -MT"Core/Src/main.o" --specs=nano.specs -mfpu=fpv4-sp-d16 -mfloat-abi=hard -mthumb -o "Core/Src/main.o"
arm-none-eabi-gcc "../Core/Src/stm32f4xx_hal_msp.c" -mcpu=cortex-m4 -std=gnu11 -g3 -DUSE_HAL_DRIVER -DDEBUG -DSTM32F407xx -c -I../Drivers/CMSIS/Include -I../Drivers/STM32F4xx_HAL_Driver/Inc -I../Core/Inc -I../Drivers/CMSIS/Device/ST/STM32F4xx/Include -I../Drivers/STM32F4xx_HAL_Driver/Inc/Legacy -O0 -ffunction-sections -fdata-sections -Wall -fstack-usage -MMD -MP -MF"Core/Src/stm32f4xx_hal_msp.d" -MT"Core/Src/stm32f4xx_hal_msp.o" --specs=nano.specs -mfpu=fpv4-sp-d16 -mfloat-abi=hard -mthumb -o "Core/Src/stm32f4xx_hal_msp.o"
arm-none-eabi-gcc "../Core/Src/stm32f4xx_it.c" -mcpu=cortex-m4 -std=gnu11 -g3 -DUSE_HAL_DRIVER -DDEBUG -DSTM32F407xx -c -I../Drivers/CMSIS/Include -I../Drivers/STM32F4xx_HAL_Driver/Inc -I../Core/Inc -I../Drivers/CMSIS/Device/ST/STM32F4xx/Include -I../Drivers/STM32F4xx_HAL_Driver/Inc/Legacy -O0 -ffunction-sections -fdata-sections -Wall -fstack-usage -MMD -MP -MF"Core/Src/stm32f4xx_it.d" -MT"Core/Src/stm32f4xx_it.o" --specs=nano.specs -mfpu=fpv4-sp-d16 -mfloat-abi=hard -mthumb -o "Core/Src/stm32f4xx_it.o"
arm-none-eabi-gcc "../Core/Src/syscalls.c" -mcpu=cortex-m4 -std=gnu11 -g3 -DUSE_HAL_DRIVER -DDEBUG -DSTM32F407xx -c -I../Drivers/CMSIS/Include -I../Drivers/STM32F4xx_HAL_Driver/Inc -I../Core/Inc -I../Drivers/CMSIS/Device/ST/STM32F4xx/Include -I../Drivers/STM32F4xx_HAL_Driver/Inc/Legacy -O0 -ffunction-sections -fdata-sections -Wall -fstack-usage -MMD -MP -MF"Core/Src/syscalls.d" -MT"Core/Src/syscalls.o" --specs=nano.specs -mfpu=fpv4-sp-d16 -mfloat-abi=hard -mthumb -o "Core/Src/syscalls.o"
arm-none-eabi-gcc "../Core/Src/sysmem.c" -mcpu=cortex-m4 -std=gnu11 -g3 -DUSE_HAL_DRIVER -DDEBUG -DSTM32F407xx -c -I../Drivers/CMSIS/Include -I../Drivers/STM32F4xx_HAL_Driver/Inc -I../Core/Inc -I../Drivers/CMSIS/Device/ST/STM32F4xx/Include -I../Drivers/STM32F4xx_HAL_Driver/Inc/Legacy -O0 -ffunction-sections -fdata-sections -Wall -fstack-usage -MMD -MP -MF"Core/Src/sysmem.d" -MT"Core/Src/sysmem.o" --specs=nano.specs -mfpu=fpv4-sp-d16 -mfloat-abi=hard -mthumb -o "Core/Src/sysmem.o"
arm-none-eabi-gcc "../Core/Src/system_stm32f4xx.c" -mcpu=cortex-m4 -std=gnu11 -g3 -DUSE_HAL_DRIVER -DDEBUG -DSTM32F407xx -c -I../Drivers/CMSIS/Include -I../Drivers/STM32F4xx_HAL_Driver/Inc -I../Core/Inc -I../Drivers/CMSIS/Device/ST/STM32F4xx/Include -I../Drivers/STM32F4xx_HAL_Driver/Inc/Legacy -O0 -ffunction-sections -fdata-sections -Wall -fstack-usage -MMD -MP -MF"Core/Src/system_stm32f4xx.d" -MT"Core/Src/system_stm32f4xx.o" --specs=nano.specs -mfpu=fpv4-sp-d16 -mfloat-abi=hard -mthumb -o "Core/Src/system_stm32f4xx.o"
arm-none-eabi-gcc -o "test.elf" @"objects.list"   -mcpu=cortex-m4 -T"A:\ERCAN\code2\test\STM32F407VGTX_FLASH.ld" --specs=nosys.specs -Wl,-Map="test.map" -Wl,--gc-sections -static --specs=nano.specs -mfpu=fpv4-sp-d16 -mfloat-abi=hard -mthumb -Wl,--start-group -lc -lm -Wl,--end-group
Finished building target: test.elf
 
arm-none-eabi-size   test.elf 
arm-none-eabi-objdump -h -S  test.elf  > "test.list"
arm-none-eabi-objcopy  -O binary  test.elf  "test.bin"
   text	   data	    bss	    dec	    hex	filename
   6580	     20	   1652	   8252	   203c	test.elf
Finished building: default.size.stdout
 
Finished building: test.bin
 
Finished building: test.list
 
17:55:33 **** Incremental Build of configuration Debug for project test ****
make -j4 all 
arm-none-eabi-gcc "../Core/Src/DS1775.c" -mcpu=cortex-m4 -std=gnu11 -g3 -DUSE_HAL_DRIVER -DDEBUG -DSTM32F407xx -c -I../Drivers/CMSIS/Include -I../Drivers/STM32F4xx_HAL_Driver/Inc -I../Core/Inc -I../Drivers/CMSIS/Device/ST/STM32F4xx/Include -I../Drivers/STM32F4xx_HAL_Driver/Inc/Legacy -O0 -ffunction-sections -fdata-sections -Wall -fstack-usage -MMD -MP -MF"Core/Src/DS1775.d" -MT"Core/Src/DS1775.o" --specs=nano.specs -mfpu=fpv4-sp-d16 -mfloat-abi=hard -mthumb -o "Core/Src/DS1775.o"
arm-none-eabi-gcc -o "test.elf" @"objects.list"   -mcpu=cortex-m4 -T"A:\ERCAN\code2\test\STM32F407VGTX_FLASH.ld" --specs=nosys.specs -Wl,-Map="test.map" -Wl,--gc-sections -static --specs=nano.specs -mfpu=fpv4-sp-d16 -mfloat-abi=hard -mthumb -Wl,--start-group -lc -lm -Wl,--end-group
Finished building target: test.elf
 
arm-none-eabi-objdump -h -S  test.elf  > "test.list"
arm-none-eabi-objcopy  -O binary  test.elf  "test.bin"
arm-none-eabi-size   test.elf 
   text	   data	    bss	    dec	    hex	filename
   6580	     20	   1652	   8252	   203c	test.elf
Finished building: default.size.stdout
 
Finished building: test.bin
 
Finished building: test.list
 
18:19:26 **** Incremental Build of configuration Debug for project test ****
make -j4 all 
arm-none-eabi-size   test.elf 
   text	   data	    bss	    dec	    hex	filename
   6580	     20	   1652	   8252	   203c	test.elf
Finished building: default.size.stdout
 
18:49:55 **** Incremental Build of configuration Debug for project test ****
make -j4 all 
arm-none-eabi-size   test.elf 
   text	   data	    bss	    dec	    hex	filename
   6580	     20	   1652	   8252	   203c	test.elf
Finished building: default.size.stdout
 
18:59:21 **** Incremental Build of configuration Debug for project test ****
make -j4 all 
arm-none-eabi-gcc "../Core/Src/DS1775.c" -mcpu=cortex-m4 -std=gnu11 -g3 -DUSE_HAL_DRIVER -DDEBUG -DSTM32F407xx -c -I../Drivers/CMSIS/Include -I../Drivers/STM32F4xx_HAL_Driver/Inc -I../Core/Inc -I../Drivers/CMSIS/Device/ST/STM32F4xx/Include -I../Drivers/STM32F4xx_HAL_Driver/Inc/Legacy -O0 -ffunction-sections -fdata-sections -Wall -fstack-usage -MMD -MP -MF"Core/Src/DS1775.d" -MT"Core/Src/DS1775.o" --specs=nano.specs -mfpu=fpv4-sp-d16 -mfloat-abi=hard -mthumb -o "Core/Src/DS1775.o"
In file included from ../Core/Src/DS1775.c:8:0:
../Core/Inc/DS1775.h:32:2: error: unknown type name 'uint8_t'
  uint8_t *Config = (uint8_t*)CONFIGURATION;
  ^~~~~~~
../Core/Inc/DS1775.h:32:18: error: expected ':', ',', ';', '}' or '__attribute__' before '=' token
  uint8_t *Config = (uint8_t*)CONFIGURATION;
                  ^
../Core/Inc/DS1775.h:40:2: error: unknown type name 'uint8_t'
  uint8_t DS1775_ComparatorMode;
  ^~~~~~~
../Core/Inc/DS1775.h:41:2: error: unknown type name 'uint8_t'
  uint8_t DS1775_InterruptMode;
  ^~~~~~~
make: *** [Core/Src/subdir.mk:36: Core/Src/DS1775.o] Error 1
"make -j4 all" terminated with exit code 2. Build might be incomplete.
19:01:13 **** Incremental Build of configuration Debug for project test ****
make -j4 all 
arm-none-eabi-gcc "../Core/Src/DS1775.c" -mcpu=cortex-m4 -std=gnu11 -g3 -DUSE_HAL_DRIVER -DDEBUG -DSTM32F407xx -c -I../Drivers/CMSIS/Include -I../Drivers/STM32F4xx_HAL_Driver/Inc -I../Core/Inc -I../Drivers/CMSIS/Device/ST/STM32F4xx/Include -I../Drivers/STM32F4xx_HAL_Driver/Inc/Legacy -O0 -ffunction-sections -fdata-sections -Wall -fstack-usage -MMD -MP -MF"Core/Src/DS1775.d" -MT"Core/Src/DS1775.o" --specs=nano.specs -mfpu=fpv4-sp-d16 -mfloat-abi=hard -mthumb -o "Core/Src/DS1775.o"
In file included from ../Core/Src/DS1775.c:8:0:
../Core/Inc/DS1775.h:33:18: error: expected ':', ',', ';', '}' or '__attribute__' before '=' token
  uint8_t *Config = (uint8_t*)CONFIGURATION;
                  ^
make: *** [Core/Src/subdir.mk:36: Core/Src/DS1775.o] Error 1
"make -j4 all" terminated with exit code 2. Build might be incomplete.
19:01:48 **** Incremental Build of configuration Debug for project test ****
make -j4 all 
arm-none-eabi-gcc "../Core/Src/DS1775.c" -mcpu=cortex-m4 -std=gnu11 -g3 -DUSE_HAL_DRIVER -DDEBUG -DSTM32F407xx -c -I../Drivers/CMSIS/Include -I../Drivers/STM32F4xx_HAL_Driver/Inc -I../Core/Inc -I../Drivers/CMSIS/Device/ST/STM32F4xx/Include -I../Drivers/STM32F4xx_HAL_Driver/Inc/Legacy -O0 -ffunction-sections -fdata-sections -Wall -fstack-usage -MMD -MP -MF"Core/Src/DS1775.d" -MT"Core/Src/DS1775.o" --specs=nano.specs -mfpu=fpv4-sp-d16 -mfloat-abi=hard -mthumb -o "Core/Src/DS1775.o"
In file included from ../Core/Src/DS1775.c:8:0:
../Core/Inc/DS1775.h:34:16: error: expected ':', ',', ';', '}' or '__attribute__' before '=' token
  uint16_t *Tos = (uint16_t*)TOS;
                ^
make: *** [Core/Src/subdir.mk:36: Core/Src/DS1775.o] Error 1
"make -j4 all" terminated with exit code 2. Build might be incomplete.
19:02:30 **** Incremental Build of configuration Debug for project test ****
make -j4 all 
arm-none-eabi-gcc "../Core/Src/DS1775.c" -mcpu=cortex-m4 -std=gnu11 -g3 -DUSE_HAL_DRIVER -DDEBUG -DSTM32F407xx -c -I../Drivers/CMSIS/Include -I../Drivers/STM32F4xx_HAL_Driver/Inc -I../Core/Inc -I../Drivers/CMSIS/Device/ST/STM32F4xx/Include -I../Drivers/STM32F4xx_HAL_Driver/Inc/Legacy -O0 -ffunction-sections -fdata-sections -Wall -fstack-usage -MMD -MP -MF"Core/Src/DS1775.d" -MT"Core/Src/DS1775.o" --specs=nano.specs -mfpu=fpv4-sp-d16 -mfloat-abi=hard -mthumb -o "Core/Src/DS1775.o"
In file included from ../Core/Src/DS1775.c:8:0:
../Core/Inc/DS1775.h:34:16: error: expected ':', ',', ';', '}' or '__attribute__' before '=' token
  uint16_t *Tos = (uint16_t*)TOS,
                ^
make: *** [Core/Src/subdir.mk:36: Core/Src/DS1775.o] Error 1
"make -j4 all" terminated with exit code 2. Build might be incomplete.
19:03:16 **** Incremental Build of configuration Debug for project test ****
make -j4 all 
arm-none-eabi-gcc "../Core/Src/DS1775.c" -mcpu=cortex-m4 -std=gnu11 -g3 -DUSE_HAL_DRIVER -DDEBUG -DSTM32F407xx -c -I../Drivers/CMSIS/Include -I../Drivers/STM32F4xx_HAL_Driver/Inc -I../Core/Inc -I../Drivers/CMSIS/Device/ST/STM32F4xx/Include -I../Drivers/STM32F4xx_HAL_Driver/Inc/Legacy -O0 -ffunction-sections -fdata-sections -Wall -fstack-usage -MMD -MP -MF"Core/Src/DS1775.d" -MT"Core/Src/DS1775.o" --specs=nano.specs -mfpu=fpv4-sp-d16 -mfloat-abi=hard -mthumb -o "Core/Src/DS1775.o"
In file included from ../Core/Src/DS1775.c:8:0:
../Core/Inc/DS1775.h:33:18: error: expected ':', ',', ';', '}' or '__attribute__' before '=' token
  uint8_t *Config = (uint8_t*)0x01;
                  ^
make: *** [Core/Src/subdir.mk:36: Core/Src/DS1775.o] Error 1
"make -j4 all" terminated with exit code 2. Build might be incomplete.
19:03:33 **** Incremental Build of configuration Debug for project test ****
make -j4 all 
arm-none-eabi-gcc "../Core/Src/DS1775.c" -mcpu=cortex-m4 -std=gnu11 -g3 -DUSE_HAL_DRIVER -DDEBUG -DSTM32F407xx -c -I../Drivers/CMSIS/Include -I../Drivers/STM32F4xx_HAL_Driver/Inc -I../Core/Inc -I../Drivers/CMSIS/Device/ST/STM32F4xx/Include -I../Drivers/STM32F4xx_HAL_Driver/Inc/Legacy -O0 -ffunction-sections -fdata-sections -Wall -fstack-usage -MMD -MP -MF"Core/Src/DS1775.d" -MT"Core/Src/DS1775.o" --specs=nano.specs -mfpu=fpv4-sp-d16 -mfloat-abi=hard -mthumb -o "Core/Src/DS1775.o"
In file included from ../Core/Src/DS1775.c:8:0:
../Core/Inc/DS1775.h:33:18: error: expected ':', ',', ';', '}' or '__attribute__' before '=' token
  uint8_t *Config = (uint8_t*)0x01;
                  ^
make: *** [Core/Src/subdir.mk:36: Core/Src/DS1775.o] Error 1
"make -j4 all" terminated with exit code 2. Build might be incomplete.
19:05:09 **** Incremental Build of configuration Debug for project test ****
make -j4 all 
arm-none-eabi-gcc "../Core/Src/DS1775.c" -mcpu=cortex-m4 -std=gnu11 -g3 -DUSE_HAL_DRIVER -DDEBUG -DSTM32F407xx -c -I../Drivers/CMSIS/Include -I../Drivers/STM32F4xx_HAL_Driver/Inc -I../Core/Inc -I../Drivers/CMSIS/Device/ST/STM32F4xx/Include -I../Drivers/STM32F4xx_HAL_Driver/Inc/Legacy -O0 -ffunction-sections -fdata-sections -Wall -fstack-usage -MMD -MP -MF"Core/Src/DS1775.d" -MT"Core/Src/DS1775.o" --specs=nano.specs -mfpu=fpv4-sp-d16 -mfloat-abi=hard -mthumb -o "Core/Src/DS1775.o"
In file included from ../Core/Src/DS1775.c:8:0:
../Core/Inc/DS1775.h:48:2: error: unknown type name 'DS1775_RegDef_t'
  DS1775_RegDef_t DS1775_RegDef;
  ^~~~~~~~~~~~~~~
make: *** [Core/Src/subdir.mk:36: Core/Src/DS1775.o] Error 1
"make -j4 all" terminated with exit code 2. Build might be incomplete.
19:06:02 **** Incremental Build of configuration Debug for project test ****
make -j4 all 
arm-none-eabi-gcc "../Core/Src/DS1775.c" -mcpu=cortex-m4 -std=gnu11 -g3 -DUSE_HAL_DRIVER -DDEBUG -DSTM32F407xx -c -I../Drivers/CMSIS/Include -I../Drivers/STM32F4xx_HAL_Driver/Inc -I../Core/Inc -I../Drivers/CMSIS/Device/ST/STM32F4xx/Include -I../Drivers/STM32F4xx_HAL_Driver/Inc/Legacy -O0 -ffunction-sections -fdata-sections -Wall -fstack-usage -MMD -MP -MF"Core/Src/DS1775.d" -MT"Core/Src/DS1775.o" --specs=nano.specs -mfpu=fpv4-sp-d16 -mfloat-abi=hard -mthumb -o "Core/Src/DS1775.o"
In file included from ../Core/Src/DS1775.c:8:0:
../Core/Inc/DS1775.h:32:18: error: expected ':', ',', ';', '}' or '__attribute__' before '=' token
  uint8_t *Config = (uint8_t*)CONFIGURATION;
                  ^
make: *** [Core/Src/subdir.mk:36: Core/Src/DS1775.o] Error 1
"make -j4 all" terminated with exit code 2. Build might be incomplete.
19:06:59 **** Incremental Build of configuration Debug for project test ****
make -j4 all 
arm-none-eabi-gcc "../Core/Src/DS1775.c" -mcpu=cortex-m4 -std=gnu11 -g3 -DUSE_HAL_DRIVER -DDEBUG -DSTM32F407xx -c -I../Drivers/CMSIS/Include -I../Drivers/STM32F4xx_HAL_Driver/Inc -I../Core/Inc -I../Drivers/CMSIS/Device/ST/STM32F4xx/Include -I../Drivers/STM32F4xx_HAL_Driver/Inc/Legacy -O0 -ffunction-sections -fdata-sections -Wall -fstack-usage -MMD -MP -MF"Core/Src/DS1775.d" -MT"Core/Src/DS1775.o" --specs=nano.specs -mfpu=fpv4-sp-d16 -mfloat-abi=hard -mthumb -o "Core/Src/DS1775.o"
arm-none-eabi-gcc -o "test.elf" @"objects.list"   -mcpu=cortex-m4 -T"A:\ERCAN\code2\test\STM32F407VGTX_FLASH.ld" --specs=nosys.specs -Wl,-Map="test.map" -Wl,--gc-sections -static --specs=nano.specs -mfpu=fpv4-sp-d16 -mfloat-abi=hard -mthumb -Wl,--start-group -lc -lm -Wl,--end-group
Finished building target: test.elf
 
arm-none-eabi-objdump -h -S  test.elf  > "test.list"
arm-none-eabi-objcopy  -O binary  test.elf  "test.bin"
arm-none-eabi-size   test.elf 
   text	   data	    bss	    dec	    hex	filename
   6580	     20	   1652	   8252	   203c	test.elf
Finished building: default.size.stdout
 
Finished building: test.bin
 
Finished building: test.list
 
19:08:49 **** Incremental Build of configuration Debug for project test ****
make -j4 all 
arm-none-eabi-gcc "../Core/Src/DS1775.c" -mcpu=cortex-m4 -std=gnu11 -g3 -DUSE_HAL_DRIVER -DDEBUG -DSTM32F407xx -c -I../Drivers/CMSIS/Include -I../Drivers/STM32F4xx_HAL_Driver/Inc -I../Core/Inc -I../Drivers/CMSIS/Device/ST/STM32F4xx/Include -I../Drivers/STM32F4xx_HAL_Driver/Inc/Legacy -O0 -ffunction-sections -fdata-sections -Wall -fstack-usage -MMD -MP -MF"Core/Src/DS1775.d" -MT"Core/Src/DS1775.o" --specs=nano.specs -mfpu=fpv4-sp-d16 -mfloat-abi=hard -mthumb -o "Core/Src/DS1775.o"
In file included from ../Core/Src/DS1775.c:8:0:
../Core/Inc/DS1775.h:33:30: error: 'TYHST' undeclared here (not in a function); did you mean 'THYST'?
 uint16_t *Tyhst = (uint16_t*)TYHST;
                              ^~~~~
                              THYST
make: *** [Core/Src/subdir.mk:36: Core/Src/DS1775.o] Error 1
"make -j4 all" terminated with exit code 2. Build might be incomplete.
19:09:07 **** Incremental Build of configuration Debug for project test ****
make -j4 all 
arm-none-eabi-gcc "../Core/Src/DS1775.c" -mcpu=cortex-m4 -std=gnu11 -g3 -DUSE_HAL_DRIVER -DDEBUG -DSTM32F407xx -c -I../Drivers/CMSIS/Include -I../Drivers/STM32F4xx_HAL_Driver/Inc -I../Core/Inc -I../Drivers/CMSIS/Device/ST/STM32F4xx/Include -I../Drivers/STM32F4xx_HAL_Driver/Inc/Legacy -O0 -ffunction-sections -fdata-sections -Wall -fstack-usage -MMD -MP -MF"Core/Src/DS1775.d" -MT"Core/Src/DS1775.o" --specs=nano.specs -mfpu=fpv4-sp-d16 -mfloat-abi=hard -mthumb -o "Core/Src/DS1775.o"
arm-none-eabi-gcc -o "test.elf" @"objects.list"   -mcpu=cortex-m4 -T"A:\ERCAN\code2\test\STM32F407VGTX_FLASH.ld" --specs=nosys.specs -Wl,-Map="test.map" -Wl,--gc-sections -static --specs=nano.specs -mfpu=fpv4-sp-d16 -mfloat-abi=hard -mthumb -Wl,--start-group -lc -lm -Wl,--end-group
Finished building target: test.elf
 
arm-none-eabi-objdump -h -S  test.elf  > "test.list"
arm-none-eabi-objcopy  -O binary  test.elf  "test.bin"
arm-none-eabi-size   test.elf 
   text	   data	    bss	    dec	    hex	filename
   6580	     20	   1652	   8252	   203c	test.elf
Finished building: default.size.stdout
Finished building: test.bin
 
 
Finished building: test.list
 
19:09:37 **** Incremental Build of configuration Debug for project test ****
make -j4 all 
arm-none-eabi-gcc "../Core/Src/DS1775.c" -mcpu=cortex-m4 -std=gnu11 -g3 -DUSE_HAL_DRIVER -DDEBUG -DSTM32F407xx -c -I../Drivers/CMSIS/Include -I../Drivers/STM32F4xx_HAL_Driver/Inc -I../Core/Inc -I../Drivers/CMSIS/Device/ST/STM32F4xx/Include -I../Drivers/STM32F4xx_HAL_Driver/Inc/Legacy -O0 -ffunction-sections -fdata-sections -Wall -fstack-usage -MMD -MP -MF"Core/Src/DS1775.d" -MT"Core/Src/DS1775.o" --specs=nano.specs -mfpu=fpv4-sp-d16 -mfloat-abi=hard -mthumb -o "Core/Src/DS1775.o"
arm-none-eabi-gcc -o "test.elf" @"objects.list"   -mcpu=cortex-m4 -T"A:\ERCAN\code2\test\STM32F407VGTX_FLASH.ld" --specs=nosys.specs -Wl,-Map="test.map" -Wl,--gc-sections -static --specs=nano.specs -mfpu=fpv4-sp-d16 -mfloat-abi=hard -mthumb -Wl,--start-group -lc -lm -Wl,--end-group
Finished building target: test.elf
 
arm-none-eabi-objdump -h -S  test.elf  > "test.list"
arm-none-eabi-objcopy  -O binary  test.elf  "test.bin"
arm-none-eabi-size   test.elf 
   text	   data	    bss	    dec	    hex	filename
   6580	     20	   1652	   8252	   203c	test.elf
Finished building: default.size.stdout
Finished building: test.bin
 
 
Finished building: test.list
 
19:37:58 **** Incremental Build of configuration Debug for project test ****
make -j4 all 
arm-none-eabi-gcc "../Core/Src/DS1775.c" -mcpu=cortex-m4 -std=gnu11 -g3 -DUSE_HAL_DRIVER -DDEBUG -DSTM32F407xx -c -I../Drivers/CMSIS/Include -I../Drivers/STM32F4xx_HAL_Driver/Inc -I../Core/Inc -I../Drivers/CMSIS/Device/ST/STM32F4xx/Include -I../Drivers/STM32F4xx_HAL_Driver/Inc/Legacy -O0 -ffunction-sections -fdata-sections -Wall -fstack-usage -MMD -MP -MF"Core/Src/DS1775.d" -MT"Core/Src/DS1775.o" --specs=nano.specs -mfpu=fpv4-sp-d16 -mfloat-abi=hard -mthumb -o "Core/Src/DS1775.o"
arm-none-eabi-gcc -o "test.elf" @"objects.list"   -mcpu=cortex-m4 -T"A:\ERCAN\code2\test\STM32F407VGTX_FLASH.ld" --specs=nosys.specs -Wl,-Map="test.map" -Wl,--gc-sections -static --specs=nano.specs -mfpu=fpv4-sp-d16 -mfloat-abi=hard -mthumb -Wl,--start-group -lc -lm -Wl,--end-group
Finished building target: test.elf
 
arm-none-eabi-objdump -h -S  test.elf  > "test.list"
arm-none-eabi-objcopy  -O binary  test.elf  "test.bin"
arm-none-eabi-size   test.elf 
   text	   data	    bss	    dec	    hex	filename
   6580	     20	   1652	   8252	   203c	test.elf
Finished building: default.size.stdout
 
Finished building: test.bin
 
Finished building: test.list
 
19:38:30 **** Incremental Build of configuration Debug for project test ****
make -j4 all 
arm-none-eabi-gcc "../Core/Src/DS1775.c" -mcpu=cortex-m4 -std=gnu11 -g3 -DUSE_HAL_DRIVER -DDEBUG -DSTM32F407xx -c -I../Drivers/CMSIS/Include -I../Drivers/STM32F4xx_HAL_Driver/Inc -I../Core/Inc -I../Drivers/CMSIS/Device/ST/STM32F4xx/Include -I../Drivers/STM32F4xx_HAL_Driver/Inc/Legacy -O0 -ffunction-sections -fdata-sections -Wall -fstack-usage -MMD -MP -MF"Core/Src/DS1775.d" -MT"Core/Src/DS1775.o" --specs=nano.specs -mfpu=fpv4-sp-d16 -mfloat-abi=hard -mthumb -o "Core/Src/DS1775.o"
arm-none-eabi-gcc -o "test.elf" @"objects.list"   -mcpu=cortex-m4 -T"A:\ERCAN\code2\test\STM32F407VGTX_FLASH.ld" --specs=nosys.specs -Wl,-Map="test.map" -Wl,--gc-sections -static --specs=nano.specs -mfpu=fpv4-sp-d16 -mfloat-abi=hard -mthumb -Wl,--start-group -lc -lm -Wl,--end-group
Finished building target: test.elf
 
arm-none-eabi-objdump -h -S  test.elf  > "test.list"
arm-none-eabi-objcopy  -O binary  test.elf  "test.bin"
arm-none-eabi-size   test.elf 
   text	   data	    bss	    dec	    hex	filename
   6580	     20	   1652	   8252	   203c	test.elf
Finished building: default.size.stdout
Finished building: test.bin
 
 
Finished building: test.list
 
19:45:30 **** Incremental Build of configuration Debug for project test ****
make -j4 all 
arm-none-eabi-gcc "../Core/Src/DS1775.c" -mcpu=cortex-m4 -std=gnu11 -g3 -DUSE_HAL_DRIVER -DDEBUG -DSTM32F407xx -c -I../Drivers/CMSIS/Include -I../Drivers/STM32F4xx_HAL_Driver/Inc -I../Core/Inc -I../Drivers/CMSIS/Device/ST/STM32F4xx/Include -I../Drivers/STM32F4xx_HAL_Driver/Inc/Legacy -O0 -ffunction-sections -fdata-sections -Wall -fstack-usage -MMD -MP -MF"Core/Src/DS1775.d" -MT"Core/Src/DS1775.o" --specs=nano.specs -mfpu=fpv4-sp-d16 -mfloat-abi=hard -mthumb -o "Core/Src/DS1775.o"
arm-none-eabi-gcc -o "test.elf" @"objects.list"   -mcpu=cortex-m4 -T"A:\ERCAN\code2\test\STM32F407VGTX_FLASH.ld" --specs=nosys.specs -Wl,-Map="test.map" -Wl,--gc-sections -static --specs=nano.specs -mfpu=fpv4-sp-d16 -mfloat-abi=hard -mthumb -Wl,--start-group -lc -lm -Wl,--end-group
Finished building target: test.elf
 
arm-none-eabi-objdump -h -S  test.elf  > "test.list"
arm-none-eabi-objcopy  -O binary  test.elf  "test.bin"
arm-none-eabi-size   test.elf 
   text	   data	    bss	    dec	    hex	filename
   6580	     20	   1652	   8252	   203c	test.elf
Finished building: default.size.stdout
 
Finished building: test.bin
 
Finished building: test.list
 
19:50:07 **** Incremental Build of configuration Debug for project test ****
make -j4 all 
arm-none-eabi-gcc "../Core/Src/DS1775.c" -mcpu=cortex-m4 -std=gnu11 -g3 -DUSE_HAL_DRIVER -DDEBUG -DSTM32F407xx -c -I../Drivers/CMSIS/Include -I../Drivers/STM32F4xx_HAL_Driver/Inc -I../Core/Inc -I../Drivers/CMSIS/Device/ST/STM32F4xx/Include -I../Drivers/STM32F4xx_HAL_Driver/Inc/Legacy -O0 -ffunction-sections -fdata-sections -Wall -fstack-usage -MMD -MP -MF"Core/Src/DS1775.d" -MT"Core/Src/DS1775.o" --specs=nano.specs -mfpu=fpv4-sp-d16 -mfloat-abi=hard -mthumb -o "Core/Src/DS1775.o"
In file included from ../Core/Src/DS1775.c:8:0:
../Core/Inc/DS1775.h:34:18: error: expected ':', ',', ';', '}' or '__attribute__' before '=' token
  uint8_t *Config = (uint8_t*)CONFIGURATION;
                  ^
make: *** [Core/Src/subdir.mk:36: Core/Src/DS1775.o] Error 1
"make -j4 all" terminated with exit code 2. Build might be incomplete.
00:11:44 **** Incremental Build of configuration Debug for project test ****
make -j4 all 
arm-none-eabi-gcc "../Core/Src/DS1775.c" -mcpu=cortex-m4 -std=gnu11 -g3 -DUSE_HAL_DRIVER -DDEBUG -DSTM32F407xx -c -I../Drivers/CMSIS/Include -I../Drivers/STM32F4xx_HAL_Driver/Inc -I../Core/Inc -I../Drivers/CMSIS/Device/ST/STM32F4xx/Include -I../Drivers/STM32F4xx_HAL_Driver/Inc/Legacy -O0 -ffunction-sections -fdata-sections -Wall -fstack-usage -MMD -MP -MF"Core/Src/DS1775.d" -MT"Core/Src/DS1775.o" --specs=nano.specs -mfpu=fpv4-sp-d16 -mfloat-abi=hard -mthumb -o "Core/Src/DS1775.o"
../Core/Src/DS1775.c: In function 'DS1775_Init':
../Core/Src/DS1775.c:14:13: error: expected ')' before '->' token
  uint8_t *(p->DS1775_RegDef.STATUS) = (uint8_t)*0x00;
             ^~
make: *** [Core/Src/subdir.mk:36: Core/Src/DS1775.o] Error 1
"make -j4 all" terminated with exit code 2. Build might be incomplete.
00:12:22 **** Incremental Build of configuration Debug for project test ****
make -j4 all 
arm-none-eabi-gcc "../Core/Src/DS1775.c" -mcpu=cortex-m4 -std=gnu11 -g3 -DUSE_HAL_DRIVER -DDEBUG -DSTM32F407xx -c -I../Drivers/CMSIS/Include -I../Drivers/STM32F4xx_HAL_Driver/Inc -I../Core/Inc -I../Drivers/CMSIS/Device/ST/STM32F4xx/Include -I../Drivers/STM32F4xx_HAL_Driver/Inc/Legacy -O0 -ffunction-sections -fdata-sections -Wall -fstack-usage -MMD -MP -MF"Core/Src/DS1775.d" -MT"Core/Src/DS1775.o" --specs=nano.specs -mfpu=fpv4-sp-d16 -mfloat-abi=hard -mthumb -o "Core/Src/DS1775.o"
../Core/Src/DS1775.c: In function 'DS1775_Init':
../Core/Src/DS1775.c:14:12: error: expected '=', ',', ';', 'asm' or '__attribute__' before '->' token
  uint8_t *p->DS1775_RegDef.STATUS = (uint8_t)*0x00;
            ^~
../Core/Src/DS1775.c:14:12: error: expected expression before '->' token
../Core/Src/DS1775.c:14:46: error: invalid type argument of unary '*' (have 'int')
  uint8_t *p->DS1775_RegDef.STATUS = (uint8_t)*0x00;
                                              ^~~~~
make: *** [Core/Src/subdir.mk:36: Core/Src/DS1775.o] Error 1
"make -j4 all" terminated with exit code 2. Build might be incomplete.
00:12:40 **** Incremental Build of configuration Debug for project test ****
make -j4 all 
arm-none-eabi-gcc "../Core/Src/DS1775.c" -mcpu=cortex-m4 -std=gnu11 -g3 -DUSE_HAL_DRIVER -DDEBUG -DSTM32F407xx -c -I../Drivers/CMSIS/Include -I../Drivers/STM32F4xx_HAL_Driver/Inc -I../Core/Inc -I../Drivers/CMSIS/Device/ST/STM32F4xx/Include -I../Drivers/STM32F4xx_HAL_Driver/Inc/Legacy -O0 -ffunction-sections -fdata-sections -Wall -fstack-usage -MMD -MP -MF"Core/Src/DS1775.d" -MT"Core/Src/DS1775.o" --specs=nano.specs -mfpu=fpv4-sp-d16 -mfloat-abi=hard -mthumb -o "Core/Src/DS1775.o"
../Core/Src/DS1775.c: In function 'DS1775_Init':
../Core/Src/DS1775.c:14:11: error: expected '=', ',', ';', 'asm' or '__attribute__' before '->' token
  uint8_t p->DS1775_RegDef.STATUS = (uint8_t*)0x00;
           ^~
../Core/Src/DS1775.c:14:11: error: expected expression before '->' token
make: *** [Core/Src/subdir.mk:36: Core/Src/DS1775.o] Error 1
"make -j4 all" terminated with exit code 2. Build might be incomplete.
00:19:09 **** Incremental Build of configuration Debug for project test ****
make -j4 all 
arm-none-eabi-gcc "../Core/Src/DS1775.c" -mcpu=cortex-m4 -std=gnu11 -g3 -DUSE_HAL_DRIVER -DDEBUG -DSTM32F407xx -c -I../Drivers/CMSIS/Include -I../Drivers/STM32F4xx_HAL_Driver/Inc -I../Core/Inc -I../Drivers/CMSIS/Device/ST/STM32F4xx/Include -I../Drivers/STM32F4xx_HAL_Driver/Inc/Legacy -O0 -ffunction-sections -fdata-sections -Wall -fstack-usage -MMD -MP -MF"Core/Src/DS1775.d" -MT"Core/Src/DS1775.o" --specs=nano.specs -mfpu=fpv4-sp-d16 -mfloat-abi=hard -mthumb -o "Core/Src/DS1775.o"
arm-none-eabi-gcc -o "test.elf" @"objects.list"   -mcpu=cortex-m4 -T"A:\ERCAN\code2\test\STM32F407VGTX_FLASH.ld" --specs=nosys.specs -Wl,-Map="test.map" -Wl,--gc-sections -static --specs=nano.specs -mfpu=fpv4-sp-d16 -mfloat-abi=hard -mthumb -Wl,--start-group -lc -lm -Wl,--end-group
Finished building target: test.elf
 
arm-none-eabi-objdump -h -S  test.elf  > "test.list"
arm-none-eabi-objcopy  -O binary  test.elf  "test.bin"
arm-none-eabi-size   test.elf 
   text	   data	    bss	    dec	    hex	filename
   6580	     20	   1652	   8252	   203c	test.elf
Finished building: default.size.stdout
 
Finished building: test.bin
 
Finished building: test.list
 
00:30:31 **** Incremental Build of configuration Debug for project test ****
make -j4 all 
arm-none-eabi-gcc "../Core/Src/DS1775.c" -mcpu=cortex-m4 -std=gnu11 -g3 -DUSE_HAL_DRIVER -DDEBUG -DSTM32F407xx -c -I../Drivers/CMSIS/Include -I../Drivers/STM32F4xx_HAL_Driver/Inc -I../Core/Inc -I../Drivers/CMSIS/Device/ST/STM32F4xx/Include -I../Drivers/STM32F4xx_HAL_Driver/Inc/Legacy -O0 -ffunction-sections -fdata-sections -Wall -fstack-usage -MMD -MP -MF"Core/Src/DS1775.d" -MT"Core/Src/DS1775.o" --specs=nano.specs -mfpu=fpv4-sp-d16 -mfloat-abi=hard -mthumb -o "Core/Src/DS1775.o"
arm-none-eabi-gcc -o "test.elf" @"objects.list"   -mcpu=cortex-m4 -T"A:\ERCAN\code2\test\STM32F407VGTX_FLASH.ld" --specs=nosys.specs -Wl,-Map="test.map" -Wl,--gc-sections -static --specs=nano.specs -mfpu=fpv4-sp-d16 -mfloat-abi=hard -mthumb -Wl,--start-group -lc -lm -Wl,--end-group
Finished building target: test.elf
 
arm-none-eabi-objdump -h -S  test.elf  > "test.list"
arm-none-eabi-objcopy  -O binary  test.elf  "test.bin"
arm-none-eabi-size   test.elf 
   text	   data	    bss	    dec	    hex	filename
   6580	     20	   1652	   8252	   203c	test.elf
Finished building: default.size.stdout
 
Finished building: test.bin
 
Finished building: test.list
 
00:31:03 **** Incremental Build of configuration Debug for project test ****
make -j4 all 
arm-none-eabi-gcc "../Core/Src/DS1775.c" -mcpu=cortex-m4 -std=gnu11 -g3 -DUSE_HAL_DRIVER -DDEBUG -DSTM32F407xx -c -I../Drivers/CMSIS/Include -I../Drivers/STM32F4xx_HAL_Driver/Inc -I../Core/Inc -I../Drivers/CMSIS/Device/ST/STM32F4xx/Include -I../Drivers/STM32F4xx_HAL_Driver/Inc/Legacy -O0 -ffunction-sections -fdata-sections -Wall -fstack-usage -MMD -MP -MF"Core/Src/DS1775.d" -MT"Core/Src/DS1775.o" --specs=nano.specs -mfpu=fpv4-sp-d16 -mfloat-abi=hard -mthumb -o "Core/Src/DS1775.o"
arm-none-eabi-gcc -o "test.elf" @"objects.list"   -mcpu=cortex-m4 -T"A:\ERCAN\code2\test\STM32F407VGTX_FLASH.ld" --specs=nosys.specs -Wl,-Map="test.map" -Wl,--gc-sections -static --specs=nano.specs -mfpu=fpv4-sp-d16 -mfloat-abi=hard -mthumb -Wl,--start-group -lc -lm -Wl,--end-group
Finished building target: test.elf
 
arm-none-eabi-objdump -h -S  test.elf  > "test.list"
arm-none-eabi-objcopy  -O binary  test.elf  "test.bin"
arm-none-eabi-size   test.elf 
   text	   data	    bss	    dec	    hex	filename
   6580	     20	   1652	   8252	   203c	test.elf
Finished building: default.size.stdout
 
Finished building: test.bin
Finished building: test.list
 
 
00:32:53 **** Incremental Build of configuration Debug for project test ****
make -j4 all 
arm-none-eabi-gcc "../Core/Src/DS1775.c" -mcpu=cortex-m4 -std=gnu11 -g3 -DUSE_HAL_DRIVER -DDEBUG -DSTM32F407xx -c -I../Drivers/CMSIS/Include -I../Drivers/STM32F4xx_HAL_Driver/Inc -I../Core/Inc -I../Drivers/CMSIS/Device/ST/STM32F4xx/Include -I../Drivers/STM32F4xx_HAL_Driver/Inc/Legacy -O0 -ffunction-sections -fdata-sections -Wall -fstack-usage -MMD -MP -MF"Core/Src/DS1775.d" -MT"Core/Src/DS1775.o" --specs=nano.specs -mfpu=fpv4-sp-d16 -mfloat-abi=hard -mthumb -o "Core/Src/DS1775.o"
arm-none-eabi-gcc -o "test.elf" @"objects.list"   -mcpu=cortex-m4 -T"A:\ERCAN\code2\test\STM32F407VGTX_FLASH.ld" --specs=nosys.specs -Wl,-Map="test.map" -Wl,--gc-sections -static --specs=nano.specs -mfpu=fpv4-sp-d16 -mfloat-abi=hard -mthumb -Wl,--start-group -lc -lm -Wl,--end-group
Finished building target: test.elf
 
arm-none-eabi-objdump -h -S  test.elf  > "test.list"
arm-none-eabi-objcopy  -O binary  test.elf  "test.bin"
arm-none-eabi-size   test.elf 
   text	   data	    bss	    dec	    hex	filename
   6580	     20	   1652	   8252	   203c	test.elf
Finished building: default.size.stdout
 
Finished building: test.bin
Finished building: test.list
 
 
01:16:54 **** Incremental Build of configuration Debug for project test ****
make -j4 all 
arm-none-eabi-gcc "../Core/Src/DS1775.c" -mcpu=cortex-m4 -std=gnu11 -g3 -DUSE_HAL_DRIVER -DDEBUG -DSTM32F407xx -c -I../Drivers/CMSIS/Include -I../Drivers/STM32F4xx_HAL_Driver/Inc -I../Core/Inc -I../Drivers/CMSIS/Device/ST/STM32F4xx/Include -I../Drivers/STM32F4xx_HAL_Driver/Inc/Legacy -O0 -ffunction-sections -fdata-sections -Wall -fstack-usage -MMD -MP -MF"Core/Src/DS1775.d" -MT"Core/Src/DS1775.o" --specs=nano.specs -mfpu=fpv4-sp-d16 -mfloat-abi=hard -mthumb -o "Core/Src/DS1775.o"
arm-none-eabi-gcc -o "test.elf" @"objects.list"   -mcpu=cortex-m4 -T"A:\ERCAN\code2\test\STM32F407VGTX_FLASH.ld" --specs=nosys.specs -Wl,-Map="test.map" -Wl,--gc-sections -static --specs=nano.specs -mfpu=fpv4-sp-d16 -mfloat-abi=hard -mthumb -Wl,--start-group -lc -lm -Wl,--end-group
Finished building target: test.elf
 
arm-none-eabi-objdump -h -S  test.elf  > "test.list"
arm-none-eabi-objcopy  -O binary  test.elf  "test.bin"
arm-none-eabi-size   test.elf 
   text	   data	    bss	    dec	    hex	filename
   6580	     20	   1652	   8252	   203c	test.elf
Finished building: default.size.stdout
 
Finished building: test.bin
 
Finished building: test.list
 
04:01:28 **** Incremental Build of configuration Debug for project test ****
make -j4 all 
arm-none-eabi-gcc "../Core/Src/ds1775.c" -mcpu=cortex-m4 -std=gnu11 -g3 -DUSE_HAL_DRIVER -DDEBUG -DSTM32F407xx -c -I../Drivers/CMSIS/Include -I../Drivers/STM32F4xx_HAL_Driver/Inc -I../Core/Inc -I../Drivers/CMSIS/Device/ST/STM32F4xx/Include -I../Drivers/STM32F4xx_HAL_Driver/Inc/Legacy -O0 -ffunction-sections -fdata-sections -Wall -fstack-usage -MMD -MP -MF"Core/Src/ds1775.d" -MT"Core/Src/ds1775.o" --specs=nano.specs -mfpu=fpv4-sp-d16 -mfloat-abi=hard -mthumb -o "Core/Src/ds1775.o"
In file included from ../Core/Src/ds1775.c:8:0:
../Core/Inc/ds1775.h:77:1: error: unknown type name 'HAL_StatusTypeDef'
 HAL_StatusTypeDef DS1775_ReadTempature(I2C_HandleTypeDef *hi2c, DS1775_Handle_t *pDS1775);
 ^~~~~~~~~~~~~~~~~
../Core/Inc/ds1775.h:77:40: error: unknown type name 'I2C_HandleTypeDef'
 HAL_StatusTypeDef DS1775_ReadTempature(I2C_HandleTypeDef *hi2c, DS1775_Handle_t *pDS1775);
                                        ^~~~~~~~~~~~~~~~~
../Core/Src/ds1775.c:30:1: error: unknown type name 'HAL_StatusTypeDef'
 HAL_StatusTypeDef DS1775_ReadTempature(I2C_HandleTypeDef *hi2c, DS1775_Handle_t *pDS1775, uint16_t DS1775_ADDR)
 ^~~~~~~~~~~~~~~~~
../Core/Src/ds1775.c:30:40: error: unknown type name 'I2C_HandleTypeDef'
 HAL_StatusTypeDef DS1775_ReadTempature(I2C_HandleTypeDef *hi2c, DS1775_Handle_t *pDS1775, uint16_t DS1775_ADDR)
                                        ^~~~~~~~~~~~~~~~~
make: *** [Core/Src/subdir.mk:36: Core/Src/ds1775.o] Error 1
"make -j4 all" terminated with exit code 2. Build might be incomplete.
04:12:15 **** Incremental Build of configuration Debug for project test ****
make -j4 all 
arm-none-eabi-gcc "../Core/Src/ds1775.c" -mcpu=cortex-m4 -std=gnu11 -g3 -DUSE_HAL_DRIVER -DDEBUG -DSTM32F407xx -c -I../Drivers/CMSIS/Include -I../Drivers/STM32F4xx_HAL_Driver/Inc -I../Core/Inc -I../Drivers/CMSIS/Device/ST/STM32F4xx/Include -I../Drivers/STM32F4xx_HAL_Driver/Inc/Legacy -O0 -ffunction-sections -fdata-sections -Wall -fstack-usage -MMD -MP -MF"Core/Src/ds1775.d" -MT"Core/Src/ds1775.o" --specs=nano.specs -mfpu=fpv4-sp-d16 -mfloat-abi=hard -mthumb -o "Core/Src/ds1775.o"
In file included from ../Core/Src/ds1775.c:8:0:
../Core/Inc/ds1775.h:78:1: error: unknown type name 'HAL_StatusTypeDef'
 HAL_StatusTypeDef DS1775_ReadTempature(I2C_HandleTypeDef *hi2c, DS1775_Handle_t *pDS1775);
 ^~~~~~~~~~~~~~~~~
../Core/Inc/ds1775.h:78:40: error: unknown type name 'I2C_HandleTypeDef'
 HAL_StatusTypeDef DS1775_ReadTempature(I2C_HandleTypeDef *hi2c, DS1775_Handle_t *pDS1775);
                                        ^~~~~~~~~~~~~~~~~
../Core/Src/ds1775.c:30:1: error: unknown type name 'HAL_StatusTypeDef'
 HAL_StatusTypeDef DS1775_ReadTempature(I2C_HandleTypeDef *hi2c, DS1775_Handle_t *pDS1775, uint16_t DS1775_ADDR)
 ^~~~~~~~~~~~~~~~~
../Core/Src/ds1775.c:30:40: error: unknown type name 'I2C_HandleTypeDef'
 HAL_StatusTypeDef DS1775_ReadTempature(I2C_HandleTypeDef *hi2c, DS1775_Handle_t *pDS1775, uint16_t DS1775_ADDR)
                                        ^~~~~~~~~~~~~~~~~
make: *** [Core/Src/subdir.mk:36: Core/Src/ds1775.o] Error 1
"make -j4 all" terminated with exit code 2. Build might be incomplete.
04:22:02 **** Incremental Build of configuration Debug for project test ****
make -j4 all 
arm-none-eabi-gcc "../Core/Src/ds1775.c" -mcpu=cortex-m4 -std=gnu11 -g3 -DUSE_HAL_DRIVER -DDEBUG -DSTM32F407xx -c -I../Drivers/CMSIS/Include -I../Drivers/STM32F4xx_HAL_Driver/Inc -I../Core/Inc -I../Drivers/CMSIS/Device/ST/STM32F4xx/Include -I../Drivers/STM32F4xx_HAL_Driver/Inc/Legacy -O0 -ffunction-sections -fdata-sections -Wall -fstack-usage -MMD -MP -MF"Core/Src/ds1775.d" -MT"Core/Src/ds1775.o" --specs=nano.specs -mfpu=fpv4-sp-d16 -mfloat-abi=hard -mthumb -o "Core/Src/ds1775.o"
In file included from ../Core/Src/ds1775.c:8:0:
../Core/Inc/ds1775.h:78:1: error: unknown type name 'HAL_StatusTypeDef'
 HAL_StatusTypeDef DS1775_ReadTempature(I2C_HandleTypeDef *hi2c, DS1775_Handle_t *pDS1775, uint16_t DS1775_ADDR);
 ^~~~~~~~~~~~~~~~~
../Core/Inc/ds1775.h:78:40: error: unknown type name 'I2C_HandleTypeDef'
 HAL_StatusTypeDef DS1775_ReadTempature(I2C_HandleTypeDef *hi2c, DS1775_Handle_t *pDS1775, uint16_t DS1775_ADDR);
                                        ^~~~~~~~~~~~~~~~~
../Core/Src/ds1775.c:30:1: error: unknown type name 'HAL_StatusTypeDef'
 HAL_StatusTypeDef DS1775_ReadTempature(I2C_HandleTypeDef *hi2c, DS1775_Handle_t *pDS1775, uint16_t DS1775_ADDR)
 ^~~~~~~~~~~~~~~~~
../Core/Src/ds1775.c:30:40: error: unknown type name 'I2C_HandleTypeDef'
 HAL_StatusTypeDef DS1775_ReadTempature(I2C_HandleTypeDef *hi2c, DS1775_Handle_t *pDS1775, uint16_t DS1775_ADDR)
                                        ^~~~~~~~~~~~~~~~~
make: *** [Core/Src/subdir.mk:36: Core/Src/ds1775.o] Error 1
"make -j4 all" terminated with exit code 2. Build might be incomplete.
04:23:21 **** Incremental Build of configuration Debug for project test ****
make -j4 all 
arm-none-eabi-gcc "../Core/Src/ds1775.c" -mcpu=cortex-m4 -std=gnu11 -g3 -DUSE_HAL_DRIVER -DDEBUG -DSTM32F407xx -c -I../Drivers/CMSIS/Include -I../Drivers/STM32F4xx_HAL_Driver/Inc -I../Core/Inc -I../Drivers/CMSIS/Device/ST/STM32F4xx/Include -I../Drivers/STM32F4xx_HAL_Driver/Inc/Legacy -O0 -ffunction-sections -fdata-sections -Wall -fstack-usage -MMD -MP -MF"Core/Src/ds1775.d" -MT"Core/Src/ds1775.o" --specs=nano.specs -mfpu=fpv4-sp-d16 -mfloat-abi=hard -mthumb -o "Core/Src/ds1775.o"
In file included from ../Core/Src/ds1775.c:8:0:
../Core/Inc/ds1775.h:78:1: error: unknown type name 'HAL_StatusTypeDef'
 HAL_StatusTypeDef DS1775_ReadTempature(I2C_HandleTypeDef *hi2c, DS1775_Handle_t *pDS1775, uint16_t DS1775_ADDR);
 ^~~~~~~~~~~~~~~~~
../Core/Inc/ds1775.h:78:40: error: unknown type name 'I2C_HandleTypeDef'
 HAL_StatusTypeDef DS1775_ReadTempature(I2C_HandleTypeDef *hi2c, DS1775_Handle_t *pDS1775, uint16_t DS1775_ADDR);
                                        ^~~~~~~~~~~~~~~~~
../Core/Src/ds1775.c:30:1: error: unknown type name 'HAL_StatusTypeDef'
 HAL_StatusTypeDef DS1775_ReadTempature(I2C_HandleTypeDef *hi2c, DS1775_Handle_t *pDS1775, uint16_t DS1775_ADDR)
 ^~~~~~~~~~~~~~~~~
../Core/Src/ds1775.c:30:40: error: unknown type name 'I2C_HandleTypeDef'
 HAL_StatusTypeDef DS1775_ReadTempature(I2C_HandleTypeDef *hi2c, DS1775_Handle_t *pDS1775, uint16_t DS1775_ADDR)
                                        ^~~~~~~~~~~~~~~~~
make: *** [Core/Src/subdir.mk:36: Core/Src/ds1775.o] Error 1
"make -j4 all" terminated with exit code 2. Build might be incomplete.
04:24:29 **** Incremental Build of configuration Debug for project test ****
make -j4 all 
arm-none-eabi-gcc "../Core/Src/ds1775.c" -mcpu=cortex-m4 -std=gnu11 -g3 -DUSE_HAL_DRIVER -DDEBUG -DSTM32F407xx -c -I../Drivers/CMSIS/Include -I../Drivers/STM32F4xx_HAL_Driver/Inc -I../Core/Inc -I../Drivers/CMSIS/Device/ST/STM32F4xx/Include -I../Drivers/STM32F4xx_HAL_Driver/Inc/Legacy -O0 -ffunction-sections -fdata-sections -Wall -fstack-usage -MMD -MP -MF"Core/Src/ds1775.d" -MT"Core/Src/ds1775.o" --specs=nano.specs -mfpu=fpv4-sp-d16 -mfloat-abi=hard -mthumb -o "Core/Src/ds1775.o"
../Core/Src/ds1775.c: In function 'DS1775_ReadTempature':
../Core/Src/ds1775.c:40:51: warning: passing argument 3 of 'HAL_I2C_Master_Receive' makes pointer from integer without a cast [-Wint-conversion]
  value= HAL_I2C_Master_Receive(hi2c, DS1775_ADDR, data_temp, 2, 1000);
                                                   ^~~~~~~~~
In file included from ../Core/Inc/stm32f4xx_hal_conf.h:316:0,
                 from ../Drivers/STM32F4xx_HAL_Driver/Inc/stm32f4xx_hal.h:30,
                 from ../Core/Inc/ds1775.h:8,
                 from ../Core/Src/ds1775.c:8:
../Drivers/STM32F4xx_HAL_Driver/Inc/stm32f4xx_hal_i2c.h:564:19: note: expected 'uint8_t * {aka unsigned char *}' but argument is of type 'uint16_t {aka short unsigned int}'
 HAL_StatusTypeDef HAL_I2C_Master_Receive(I2C_HandleTypeDef *hi2c, uint16_t DevAddress, uint8_t *pData, uint16_t Size, uint32_t Timeout);
                   ^~~~~~~~~~~~~~~~~~~~~~
../Core/Src/ds1775.c:43:2: error: unknown type name 'uint_16'; did you mean 'uint16_t'?
  uint_16 data_tos = *tos;
  ^~~~~~~
  uint16_t
../Core/Src/ds1775.c:45:2: error: unknown type name 'uint_16'; did you mean 'uint16_t'?
  uint_16 data_thyst = *thyst;
  ^~~~~~~
  uint16_t
make: *** [Core/Src/subdir.mk:36: Core/Src/ds1775.o] Error 1
"make -j4 all" terminated with exit code 2. Build might be incomplete.
04:25:05 **** Incremental Build of configuration Debug for project test ****
make -j4 all 
arm-none-eabi-gcc "../Core/Src/ds1775.c" -mcpu=cortex-m4 -std=gnu11 -g3 -DUSE_HAL_DRIVER -DDEBUG -DSTM32F407xx -c -I../Drivers/CMSIS/Include -I../Drivers/STM32F4xx_HAL_Driver/Inc -I../Core/Inc -I../Drivers/CMSIS/Device/ST/STM32F4xx/Include -I../Drivers/STM32F4xx_HAL_Driver/Inc/Legacy -O0 -ffunction-sections -fdata-sections -Wall -fstack-usage -MMD -MP -MF"Core/Src/ds1775.d" -MT"Core/Src/ds1775.o" --specs=nano.specs -mfpu=fpv4-sp-d16 -mfloat-abi=hard -mthumb -o "Core/Src/ds1775.o"
../Core/Src/ds1775.c: In function 'DS1775_ReadTempature':
../Core/Src/ds1775.c:40:51: warning: passing argument 3 of 'HAL_I2C_Master_Receive' makes pointer from integer without a cast [-Wint-conversion]
  value= HAL_I2C_Master_Receive(hi2c, DS1775_ADDR, data_temp, 2, 1000);
                                                   ^~~~~~~~~
In file included from ../Core/Inc/stm32f4xx_hal_conf.h:316:0,
                 from ../Drivers/STM32F4xx_HAL_Driver/Inc/stm32f4xx_hal.h:30,
                 from ../Core/Inc/ds1775.h:8,
                 from ../Core/Src/ds1775.c:8:
../Drivers/STM32F4xx_HAL_Driver/Inc/stm32f4xx_hal_i2c.h:564:19: note: expected 'uint8_t * {aka unsigned char *}' but argument is of type 'uint16_t {aka short unsigned int}'
 HAL_StatusTypeDef HAL_I2C_Master_Receive(I2C_HandleTypeDef *hi2c, uint16_t DevAddress, uint8_t *pData, uint16_t Size, uint32_t Timeout);
                   ^~~~~~~~~~~~~~~~~~~~~~
arm-none-eabi-gcc -o "test.elf" @"objects.list"   -mcpu=cortex-m4 -T"A:\ERCAN\code2\test\STM32F407VGTX_FLASH.ld" --specs=nosys.specs -Wl,-Map="test.map" -Wl,--gc-sections -static --specs=nano.specs -mfpu=fpv4-sp-d16 -mfloat-abi=hard -mthumb -Wl,--start-group -lc -lm -Wl,--end-group
Finished building target: test.elf
 
arm-none-eabi-objdump -h -S  test.elf  > "test.list"
arm-none-eabi-objcopy  -O binary  test.elf  "test.bin"
arm-none-eabi-size   test.elf 
   text	   data	    bss	    dec	    hex	filename
   6580	     20	   1652	   8252	   203c	test.elf
Finished building: default.size.stdout
 
Finished building: test.bin
 
Finished building: test.list
 
04:26:04 **** Incremental Build of configuration Debug for project test ****
make -j4 all 
arm-none-eabi-gcc "../Core/Src/ds1775.c" -mcpu=cortex-m4 -std=gnu11 -g3 -DUSE_HAL_DRIVER -DDEBUG -DSTM32F407xx -c -I../Drivers/CMSIS/Include -I../Drivers/STM32F4xx_HAL_Driver/Inc -I../Core/Inc -I../Drivers/CMSIS/Device/ST/STM32F4xx/Include -I../Drivers/STM32F4xx_HAL_Driver/Inc/Legacy -O0 -ffunction-sections -fdata-sections -Wall -fstack-usage -MMD -MP -MF"Core/Src/ds1775.d" -MT"Core/Src/ds1775.o" --specs=nano.specs -mfpu=fpv4-sp-d16 -mfloat-abi=hard -mthumb -o "Core/Src/ds1775.o"
../Core/Src/ds1775.c: In function 'DS1775_ReadTempature':
../Core/Src/ds1775.c:40:51: warning: cast to pointer from integer of different size [-Wint-to-pointer-cast]
  value= HAL_I2C_Master_Receive(hi2c, DS1775_ADDR, (uint16_t*)data_temp, 2, 1000);
                                                   ^
../Core/Src/ds1775.c:40:51: warning: passing argument 3 of 'HAL_I2C_Master_Receive' from incompatible pointer type [-Wincompatible-pointer-types]
In file included from ../Core/Inc/stm32f4xx_hal_conf.h:316:0,
                 from ../Drivers/STM32F4xx_HAL_Driver/Inc/stm32f4xx_hal.h:30,
                 from ../Core/Inc/ds1775.h:8,
                 from ../Core/Src/ds1775.c:8:
../Drivers/STM32F4xx_HAL_Driver/Inc/stm32f4xx_hal_i2c.h:564:19: note: expected 'uint8_t * {aka unsigned char *}' but argument is of type 'uint16_t * {aka short unsigned int *}'
 HAL_StatusTypeDef HAL_I2C_Master_Receive(I2C_HandleTypeDef *hi2c, uint16_t DevAddress, uint8_t *pData, uint16_t Size, uint32_t Timeout);
                   ^~~~~~~~~~~~~~~~~~~~~~
arm-none-eabi-gcc -o "test.elf" @"objects.list"   -mcpu=cortex-m4 -T"A:\ERCAN\code2\test\STM32F407VGTX_FLASH.ld" --specs=nosys.specs -Wl,-Map="test.map" -Wl,--gc-sections -static --specs=nano.specs -mfpu=fpv4-sp-d16 -mfloat-abi=hard -mthumb -Wl,--start-group -lc -lm -Wl,--end-group
Finished building target: test.elf
 
arm-none-eabi-objdump -h -S  test.elf  > "test.list"
arm-none-eabi-objcopy  -O binary  test.elf  "test.bin"
arm-none-eabi-size   test.elf 
   text	   data	    bss	    dec	    hex	filename
   6580	     20	   1652	   8252	   203c	test.elf
Finished building: default.size.stdout
 
Finished building: test.bin
 
Finished building: test.list
 
04:26:33 **** Incremental Build of configuration Debug for project test ****
make -j4 all 
arm-none-eabi-gcc "../Core/Src/ds1775.c" -mcpu=cortex-m4 -std=gnu11 -g3 -DUSE_HAL_DRIVER -DDEBUG -DSTM32F407xx -c -I../Drivers/CMSIS/Include -I../Drivers/STM32F4xx_HAL_Driver/Inc -I../Core/Inc -I../Drivers/CMSIS/Device/ST/STM32F4xx/Include -I../Drivers/STM32F4xx_HAL_Driver/Inc/Legacy -O0 -ffunction-sections -fdata-sections -Wall -fstack-usage -MMD -MP -MF"Core/Src/ds1775.d" -MT"Core/Src/ds1775.o" --specs=nano.specs -mfpu=fpv4-sp-d16 -mfloat-abi=hard -mthumb -o "Core/Src/ds1775.o"
../Core/Src/ds1775.c: In function 'DS1775_ReadTempature':
../Core/Src/ds1775.c:40:51: warning: cast to pointer from integer of different size [-Wint-to-pointer-cast]
  value= HAL_I2C_Master_Receive(hi2c, DS1775_ADDR, (uint8_t*)data_temp, 2, 1000);
                                                   ^
arm-none-eabi-gcc -o "test.elf" @"objects.list"   -mcpu=cortex-m4 -T"A:\ERCAN\code2\test\STM32F407VGTX_FLASH.ld" --specs=nosys.specs -Wl,-Map="test.map" -Wl,--gc-sections -static --specs=nano.specs -mfpu=fpv4-sp-d16 -mfloat-abi=hard -mthumb -Wl,--start-group -lc -lm -Wl,--end-group
Finished building target: test.elf
 
arm-none-eabi-objdump -h -S  test.elf  > "test.list"
arm-none-eabi-objcopy  -O binary  test.elf  "test.bin"
arm-none-eabi-size   test.elf 
   text	   data	    bss	    dec	    hex	filename
   6580	     20	   1652	   8252	   203c	test.elf
Finished building: default.size.stdout
 
Finished building: test.bin
 
Finished building: test.list
 
04:27:45 **** Incremental Build of configuration Debug for project test ****
make -j4 all 
arm-none-eabi-gcc "../Core/Src/ds1775.c" -mcpu=cortex-m4 -std=gnu11 -g3 -DUSE_HAL_DRIVER -DDEBUG -DSTM32F407xx -c -I../Drivers/CMSIS/Include -I../Drivers/STM32F4xx_HAL_Driver/Inc -I../Core/Inc -I../Drivers/CMSIS/Device/ST/STM32F4xx/Include -I../Drivers/STM32F4xx_HAL_Driver/Inc/Legacy -O0 -ffunction-sections -fdata-sections -Wall -fstack-usage -MMD -MP -MF"Core/Src/ds1775.d" -MT"Core/Src/ds1775.o" --specs=nano.specs -mfpu=fpv4-sp-d16 -mfloat-abi=hard -mthumb -o "Core/Src/ds1775.o"
../Core/Src/ds1775.c: In function 'DS1775_ReadTempature':
../Core/Src/ds1775.c:40:51: warning: passing argument 3 of 'HAL_I2C_Master_Receive' from incompatible pointer type [-Wincompatible-pointer-types]
  value= HAL_I2C_Master_Receive(hi2c, DS1775_ADDR, &data_temp, 2, 1000);
                                                   ^
In file included from ../Core/Inc/stm32f4xx_hal_conf.h:316:0,
                 from ../Drivers/STM32F4xx_HAL_Driver/Inc/stm32f4xx_hal.h:30,
                 from ../Core/Inc/ds1775.h:8,
                 from ../Core/Src/ds1775.c:8:
../Drivers/STM32F4xx_HAL_Driver/Inc/stm32f4xx_hal_i2c.h:564:19: note: expected 'uint8_t * {aka unsigned char *}' but argument is of type 'uint16_t * {aka short unsigned int *}'
 HAL_StatusTypeDef HAL_I2C_Master_Receive(I2C_HandleTypeDef *hi2c, uint16_t DevAddress, uint8_t *pData, uint16_t Size, uint32_t Timeout);
                   ^~~~~~~~~~~~~~~~~~~~~~
arm-none-eabi-gcc -o "test.elf" @"objects.list"   -mcpu=cortex-m4 -T"A:\ERCAN\code2\test\STM32F407VGTX_FLASH.ld" --specs=nosys.specs -Wl,-Map="test.map" -Wl,--gc-sections -static --specs=nano.specs -mfpu=fpv4-sp-d16 -mfloat-abi=hard -mthumb -Wl,--start-group -lc -lm -Wl,--end-group
Finished building target: test.elf
 
arm-none-eabi-objdump -h -S  test.elf  > "test.list"
arm-none-eabi-objcopy  -O binary  test.elf  "test.bin"
arm-none-eabi-size   test.elf 
   text	   data	    bss	    dec	    hex	filename
   6580	     20	   1652	   8252	   203c	test.elf
Finished building: default.size.stdout
 
Finished building: test.bin
 
Finished building: test.list
 
04:29:16 **** Incremental Build of configuration Debug for project test ****
make -j4 all 
arm-none-eabi-gcc "../Core/Src/ds1775.c" -mcpu=cortex-m4 -std=gnu11 -g3 -DUSE_HAL_DRIVER -DDEBUG -DSTM32F407xx -c -I../Drivers/CMSIS/Include -I../Drivers/STM32F4xx_HAL_Driver/Inc -I../Core/Inc -I../Drivers/CMSIS/Device/ST/STM32F4xx/Include -I../Drivers/STM32F4xx_HAL_Driver/Inc/Legacy -O0 -ffunction-sections -fdata-sections -Wall -fstack-usage -MMD -MP -MF"Core/Src/ds1775.d" -MT"Core/Src/ds1775.o" --specs=nano.specs -mfpu=fpv4-sp-d16 -mfloat-abi=hard -mthumb -o "Core/Src/ds1775.o"
../Core/Src/ds1775.c: In function 'DS1775_ReadTempature':
../Core/Src/ds1775.c:40:51: warning: cast to pointer from integer of different size [-Wint-to-pointer-cast]
  value= HAL_I2C_Master_Receive(hi2c, DS1775_ADDR, (uint8_t*)data_temp, 1, 1000);
                                                   ^
arm-none-eabi-gcc -o "test.elf" @"objects.list"   -mcpu=cortex-m4 -T"A:\ERCAN\code2\test\STM32F407VGTX_FLASH.ld" --specs=nosys.specs -Wl,-Map="test.map" -Wl,--gc-sections -static --specs=nano.specs -mfpu=fpv4-sp-d16 -mfloat-abi=hard -mthumb -Wl,--start-group -lc -lm -Wl,--end-group
Finished building target: test.elf
 
arm-none-eabi-objdump -h -S  test.elf  > "test.list"
arm-none-eabi-objcopy  -O binary  test.elf  "test.bin"
arm-none-eabi-size   test.elf 
   text	   data	    bss	    dec	    hex	filename
   6580	     20	   1652	   8252	   203c	test.elf
Finished building: default.size.stdout
 
Finished building: test.bin
 
Finished building: test.list
 
04:30:28 **** Incremental Build of configuration Debug for project test ****
make -j4 all 
arm-none-eabi-gcc "../Core/Src/ds1775.c" -mcpu=cortex-m4 -std=gnu11 -g3 -DUSE_HAL_DRIVER -DDEBUG -DSTM32F407xx -c -I../Drivers/CMSIS/Include -I../Drivers/STM32F4xx_HAL_Driver/Inc -I../Core/Inc -I../Drivers/CMSIS/Device/ST/STM32F4xx/Include -I../Drivers/STM32F4xx_HAL_Driver/Inc/Legacy -O0 -ffunction-sections -fdata-sections -Wall -fstack-usage -MMD -MP -MF"Core/Src/ds1775.d" -MT"Core/Src/ds1775.o" --specs=nano.specs -mfpu=fpv4-sp-d16 -mfloat-abi=hard -mthumb -o "Core/Src/ds1775.o"
../Core/Src/ds1775.c: In function 'DS1775_ReadTempature':
../Core/Src/ds1775.c:34:25: error: invalid initializer
  uint8_t data_temp[2] = *temperature;
                         ^
../Core/Src/ds1775.c:47:15: warning: comparison between pointer and integer
  if(data_temp >= data_tos){
               ^~
make: *** [Core/Src/subdir.mk:36: Core/Src/ds1775.o] Error 1
"make -j4 all" terminated with exit code 2. Build might be incomplete.
04:40:35 **** Incremental Build of configuration Debug for project test ****
make -j4 all 
arm-none-eabi-gcc "../Core/Src/ds1775.c" -mcpu=cortex-m4 -std=gnu11 -g3 -DUSE_HAL_DRIVER -DDEBUG -DSTM32F407xx -c -I../Drivers/CMSIS/Include -I../Drivers/STM32F4xx_HAL_Driver/Inc -I../Core/Inc -I../Drivers/CMSIS/Device/ST/STM32F4xx/Include -I../Drivers/STM32F4xx_HAL_Driver/Inc/Legacy -O0 -ffunction-sections -fdata-sections -Wall -fstack-usage -MMD -MP -MF"Core/Src/ds1775.d" -MT"Core/Src/ds1775.o" --specs=nano.specs -mfpu=fpv4-sp-d16 -mfloat-abi=hard -mthumb -o "Core/Src/ds1775.o"
arm-none-eabi-gcc -o "test.elf" @"objects.list"   -mcpu=cortex-m4 -T"A:\ERCAN\code2\test\STM32F407VGTX_FLASH.ld" --specs=nosys.specs -Wl,-Map="test.map" -Wl,--gc-sections -static --specs=nano.specs -mfpu=fpv4-sp-d16 -mfloat-abi=hard -mthumb -Wl,--start-group -lc -lm -Wl,--end-group
Finished building target: test.elf
 
arm-none-eabi-objdump -h -S  test.elf  > "test.list"
arm-none-eabi-objcopy  -O binary  test.elf  "test.bin"
arm-none-eabi-size   test.elf 
   text	   data	    bss	    dec	    hex	filename
   6580	     20	   1652	   8252	   203c	test.elf
Finished building: default.size.stdout
 
Finished building: test.bin
 
Finished building: test.list
 
05:33:00 **** Incremental Build of configuration Debug for project test ****
make -j4 all 
arm-none-eabi-gcc "../Core/Src/ds1775.c" -mcpu=cortex-m4 -std=gnu11 -g3 -DUSE_HAL_DRIVER -DDEBUG -DSTM32F407xx -c -I../Drivers/CMSIS/Include -I../Drivers/STM32F4xx_HAL_Driver/Inc -I../Core/Inc -I../Drivers/CMSIS/Device/ST/STM32F4xx/Include -I../Drivers/STM32F4xx_HAL_Driver/Inc/Legacy -O0 -ffunction-sections -fdata-sections -Wall -fstack-usage -MMD -MP -MF"Core/Src/ds1775.d" -MT"Core/Src/ds1775.o" --specs=nano.specs -mfpu=fpv4-sp-d16 -mfloat-abi=hard -mthumb -o "Core/Src/ds1775.o"
../Core/Src/ds1775.c:30:6: error: conflicting types for 'DS1775_ReadTempature'
 void DS1775_ReadTempature(I2C_HandleTypeDef *hi2c, DS1775_Handle_t *pDS1775, uint16_t DS1775_ADDR,  DS1775_DATA_t *pData)
      ^~~~~~~~~~~~~~~~~~~~
In file included from ../Core/Src/ds1775.c:8:0:
../Core/Inc/ds1775.h:85:6: note: previous declaration of 'DS1775_ReadTempature' was here
 void DS1775_ReadTempature(I2C_HandleTypeDef *hi2c, DS1775_Handle_t *pDS1775, uint16_t DS1775_ADDR);
      ^~~~~~~~~~~~~~~~~~~~
../Core/Src/ds1775.c: In function 'DS1775_ReadTempature':
../Core/Src/ds1775.c:39:15: error: invalid operands to binary & (have 'uint8_t * {aka unsigned char *}' and 'int')
  if(data_temp & 0x1000){
     ~~~~~~~~~ ^
../Core/Src/ds1775.c:40:15: warning: assignment makes integer from pointer without a cast [-Wint-conversion]
   pData->temp = data_temp;
               ^
../Core/Src/ds1775.c:44:16: warning: implicit declaration of function 'strlen' [-Wimplicit-function-declaration]
   int length = strlen(data_temp);
                ^~~~~~
../Core/Src/ds1775.c:44:16: warning: incompatible implicit declaration of built-in function 'strlen'
../Core/Src/ds1775.c:44:16: note: include '<string.h>' or provide a declaration of 'strlen'
../Core/Src/ds1775.c:44:23: warning: pointer targets in passing argument 1 of 'strlen' differ in signedness [-Wpointer-sign]
   int length = strlen(data_temp);
                       ^~~~~~~~~
../Core/Src/ds1775.c:44:23: note: expected 'const char *' but argument is of type 'uint8_t * {aka unsigned char *}'
../Core/Src/ds1775.c:46:16: error: invalid operands to binary >> (have 'uint8_t * {aka unsigned char *}' and 'int')
    if(data_temp>>i & 1 = 0){
       ~~~~~~~~~^~
../Core/Src/ds1775.c:48:15: error: invalid operands to binary >> (have 'uint8_t * {aka unsigned char *}' and 'int')
     data_temp >> i |= 1;
     ~~~~~~~~~ ^~
make: *** [Core/Src/subdir.mk:36: Core/Src/ds1775.o] Error 1
"make -j4 all" terminated with exit code 2. Build might be incomplete.
05:35:38 **** Incremental Build of configuration Debug for project test ****
make -j4 all 
arm-none-eabi-gcc "../Core/Src/ds1775.c" -mcpu=cortex-m4 -std=gnu11 -g3 -DUSE_HAL_DRIVER -DDEBUG -DSTM32F407xx -c -I../Drivers/CMSIS/Include -I../Drivers/STM32F4xx_HAL_Driver/Inc -I../Core/Inc -I../Drivers/CMSIS/Device/ST/STM32F4xx/Include -I../Drivers/STM32F4xx_HAL_Driver/Inc/Legacy -O0 -ffunction-sections -fdata-sections -Wall -fstack-usage -MMD -MP -MF"Core/Src/ds1775.d" -MT"Core/Src/ds1775.o" --specs=nano.specs -mfpu=fpv4-sp-d16 -mfloat-abi=hard -mthumb -o "Core/Src/ds1775.o"
../Core/Src/ds1775.c:30:6: error: conflicting types for 'DS1775_ReadTempature'
 void DS1775_ReadTempature(I2C_HandleTypeDef *hi2c, DS1775_Handle_t *pDS1775, uint16_t DS1775_ADDR,  DS1775_DATA_t *pData)
      ^~~~~~~~~~~~~~~~~~~~
In file included from ../Core/Src/ds1775.c:8:0:
../Core/Inc/ds1775.h:85:6: note: previous declaration of 'DS1775_ReadTempature' was here
 void DS1775_ReadTempature(I2C_HandleTypeDef *hi2c, DS1775_Handle_t *pDS1775, uint16_t DS1775_ADDR);
      ^~~~~~~~~~~~~~~~~~~~
../Core/Src/ds1775.c: In function 'DS1775_ReadTempature':
../Core/Src/ds1775.c:39:20: error: invalid initializer
  char binary[16] = data_temp;
                    ^~~~~~~~~
../Core/Src/ds1775.c:40:15: error: invalid operands to binary & (have 'uint8_t * {aka unsigned char *}' and 'int')
  if(data_temp & 0x1000){
     ~~~~~~~~~ ^
../Core/Src/ds1775.c:41:15: warning: assignment makes integer from pointer without a cast [-Wint-conversion]
   pData->temp = data_temp;
               ^
../Core/Src/ds1775.c:45:16: warning: implicit declaration of function 'strlen' [-Wimplicit-function-declaration]
   int length = strlen(binary);
                ^~~~~~
../Core/Src/ds1775.c:45:16: warning: incompatible implicit declaration of built-in function 'strlen'
../Core/Src/ds1775.c:45:16: note: include '<string.h>' or provide a declaration of 'strlen'
../Core/Src/ds1775.c:47:17: warning: comparison between pointer and integer
    if(binary[i] == "0"){
                 ^~
../Core/Src/ds1775.c:47:17: warning: comparison with string literal results in unspecified behavior [-Waddress]
../Core/Src/ds1775.c:49:15: warning: assignment makes integer from pointer without a cast [-Wint-conversion]
     binary[i] = "1";
               ^
make: *** [Core/Src/subdir.mk:36: Core/Src/ds1775.o] Error 1
"make -j4 all" terminated with exit code 2. Build might be incomplete.
05:36:24 **** Incremental Build of configuration Debug for project test ****
make -j4 all 
arm-none-eabi-gcc "../Core/Src/ds1775.c" -mcpu=cortex-m4 -std=gnu11 -g3 -DUSE_HAL_DRIVER -DDEBUG -DSTM32F407xx -c -I../Drivers/CMSIS/Include -I../Drivers/STM32F4xx_HAL_Driver/Inc -I../Core/Inc -I../Drivers/CMSIS/Device/ST/STM32F4xx/Include -I../Drivers/STM32F4xx_HAL_Driver/Inc/Legacy -O0 -ffunction-sections -fdata-sections -Wall -fstack-usage -MMD -MP -MF"Core/Src/ds1775.d" -MT"Core/Src/ds1775.o" --specs=nano.specs -mfpu=fpv4-sp-d16 -mfloat-abi=hard -mthumb -o "Core/Src/ds1775.o"
../Core/Src/ds1775.c:30:6: error: conflicting types for 'DS1775_ReadTempature'
 void DS1775_ReadTempature(I2C_HandleTypeDef *hi2c, DS1775_Handle_t *pDS1775, uint16_t DS1775_ADDR,  DS1775_DATA_t *pData)
      ^~~~~~~~~~~~~~~~~~~~
In file included from ../Core/Src/ds1775.c:8:0:
../Core/Inc/ds1775.h:85:6: note: previous declaration of 'DS1775_ReadTempature' was here
 void DS1775_ReadTempature(I2C_HandleTypeDef *hi2c, DS1775_Handle_t *pDS1775, uint16_t DS1775_ADDR);
      ^~~~~~~~~~~~~~~~~~~~
../Core/Src/ds1775.c: In function 'DS1775_ReadTempature':
../Core/Src/ds1775.c:39:15: error: invalid operands to binary & (have 'uint8_t * {aka unsigned char *}' and 'int')
  if(data_temp & 0x1000){
     ~~~~~~~~~ ^
../Core/Src/ds1775.c:40:15: warning: assignment makes integer from pointer without a cast [-Wint-conversion]
   pData->temp = data_temp;
               ^
../Core/Src/ds1775.c:44:16: warning: implicit declaration of function 'strlen' [-Wimplicit-function-declaration]
   int length = strlen(data_temp);
                ^~~~~~
../Core/Src/ds1775.c:44:16: warning: incompatible implicit declaration of built-in function 'strlen'
../Core/Src/ds1775.c:44:16: note: include '<string.h>' or provide a declaration of 'strlen'
../Core/Src/ds1775.c:44:23: warning: pointer targets in passing argument 1 of 'strlen' differ in signedness [-Wpointer-sign]
   int length = strlen(data_temp);
                       ^~~~~~~~~
../Core/Src/ds1775.c:44:23: note: expected 'const char *' but argument is of type 'uint8_t * {aka unsigned char *}'
../Core/Src/ds1775.c:46:16: error: invalid operands to binary >> (have 'uint8_t * {aka unsigned char *}' and 'int')
    if(data_temp>>i & 1 == 0){
       ~~~~~~~~~^~
../Core/Src/ds1775.c:48:15: error: invalid operands to binary >> (have 'uint8_t * {aka unsigned char *}' and 'int')
     data_temp >> i |= 1;
     ~~~~~~~~~ ^~
make: *** [Core/Src/subdir.mk:36: Core/Src/ds1775.o] Error 1
"make -j4 all" terminated with exit code 2. Build might be incomplete.
05:38:41 **** Incremental Build of configuration Debug for project test ****
make -j4 all 
arm-none-eabi-gcc "../Core/Src/ds1775.c" -mcpu=cortex-m4 -std=gnu11 -g3 -DUSE_HAL_DRIVER -DDEBUG -DSTM32F407xx -c -I../Drivers/CMSIS/Include -I../Drivers/STM32F4xx_HAL_Driver/Inc -I../Core/Inc -I../Drivers/CMSIS/Device/ST/STM32F4xx/Include -I../Drivers/STM32F4xx_HAL_Driver/Inc/Legacy -O0 -ffunction-sections -fdata-sections -Wall -fstack-usage -MMD -MP -MF"Core/Src/ds1775.d" -MT"Core/Src/ds1775.o" --specs=nano.specs -mfpu=fpv4-sp-d16 -mfloat-abi=hard -mthumb -o "Core/Src/ds1775.o"
../Core/Src/ds1775.c:30:6: error: conflicting types for 'DS1775_ReadTempature'
 void DS1775_ReadTempature(I2C_HandleTypeDef *hi2c, DS1775_Handle_t *pDS1775, uint16_t DS1775_ADDR,  DS1775_DATA_t *pData)
      ^~~~~~~~~~~~~~~~~~~~
In file included from ../Core/Src/ds1775.c:8:0:
../Core/Inc/ds1775.h:85:6: note: previous declaration of 'DS1775_ReadTempature' was here
 void DS1775_ReadTempature(I2C_HandleTypeDef *hi2c, DS1775_Handle_t *pDS1775, uint16_t DS1775_ADDR);
      ^~~~~~~~~~~~~~~~~~~~
../Core/Src/ds1775.c: In function 'DS1775_ReadTempature':
../Core/Src/ds1775.c:39:14: warning: assignment makes integer from pointer without a cast [-Wint-conversion]
  pData->temp = data_temp;
              ^
../Core/Src/ds1775.c:47:16: warning: implicit declaration of function 'strlen' [-Wimplicit-function-declaration]
   int length = strlen(data_temp);
                ^~~~~~
../Core/Src/ds1775.c:47:16: warning: incompatible implicit declaration of built-in function 'strlen'
../Core/Src/ds1775.c:47:16: note: include '<string.h>' or provide a declaration of 'strlen'
../Core/Src/ds1775.c:47:23: warning: pointer targets in passing argument 1 of 'strlen' differ in signedness [-Wpointer-sign]
   int length = strlen(data_temp);
                       ^~~~~~~~~
../Core/Src/ds1775.c:47:23: note: expected 'const char *' but argument is of type 'uint8_t * {aka unsigned char *}'
../Core/Src/ds1775.c:49:22: warning: suggest parentheses around comparison in operand of '&' [-Wparentheses]
    if(pData->temp>>i & 1 == 0){
                      ^
../Core/Src/ds1775.c:51:22: error: lvalue required as left operand of assignment
     pData->temp >> i |= 1;
                      ^~
make: *** [Core/Src/subdir.mk:36: Core/Src/ds1775.o] Error 1
"make -j4 all" terminated with exit code 2. Build might be incomplete.
05:39:20 **** Incremental Build of configuration Debug for project test ****
make -j4 all 
arm-none-eabi-gcc "../Core/Src/ds1775.c" -mcpu=cortex-m4 -std=gnu11 -g3 -DUSE_HAL_DRIVER -DDEBUG -DSTM32F407xx -c -I../Drivers/CMSIS/Include -I../Drivers/STM32F4xx_HAL_Driver/Inc -I../Core/Inc -I../Drivers/CMSIS/Device/ST/STM32F4xx/Include -I../Drivers/STM32F4xx_HAL_Driver/Inc/Legacy -O0 -ffunction-sections -fdata-sections -Wall -fstack-usage -MMD -MP -MF"Core/Src/ds1775.d" -MT"Core/Src/ds1775.o" --specs=nano.specs -mfpu=fpv4-sp-d16 -mfloat-abi=hard -mthumb -o "Core/Src/ds1775.o"
../Core/Src/ds1775.c:30:6: error: conflicting types for 'DS1775_ReadTempature'
 void DS1775_ReadTempature(I2C_HandleTypeDef *hi2c, DS1775_Handle_t *pDS1775, uint16_t DS1775_ADDR,  DS1775_DATA_t *pData)
      ^~~~~~~~~~~~~~~~~~~~
In file included from ../Core/Src/ds1775.c:8:0:
../Core/Inc/ds1775.h:85:6: note: previous declaration of 'DS1775_ReadTempature' was here
 void DS1775_ReadTempature(I2C_HandleTypeDef *hi2c, DS1775_Handle_t *pDS1775, uint16_t DS1775_ADDR);
      ^~~~~~~~~~~~~~~~~~~~
../Core/Src/ds1775.c: In function 'DS1775_ReadTempature':
../Core/Src/ds1775.c:39:14: warning: assignment makes integer from pointer without a cast [-Wint-conversion]
  pData->temp = (uint16_t*)data_temp;
              ^
../Core/Src/ds1775.c:47:16: warning: implicit declaration of function 'strlen' [-Wimplicit-function-declaration]
   int length = strlen(data_temp);
                ^~~~~~
../Core/Src/ds1775.c:47:16: warning: incompatible implicit declaration of built-in function 'strlen'
../Core/Src/ds1775.c:47:16: note: include '<string.h>' or provide a declaration of 'strlen'
../Core/Src/ds1775.c:47:23: warning: pointer targets in passing argument 1 of 'strlen' differ in signedness [-Wpointer-sign]
   int length = strlen(data_temp);
                       ^~~~~~~~~
../Core/Src/ds1775.c:47:23: note: expected 'const char *' but argument is of type 'uint8_t * {aka unsigned char *}'
../Core/Src/ds1775.c:49:22: warning: suggest parentheses around comparison in operand of '&' [-Wparentheses]
    if(pData->temp>>i & 1 == 0){
                      ^
../Core/Src/ds1775.c:51:22: error: lvalue required as left operand of assignment
     pData->temp >> i |= 1;
                      ^~
make: *** [Core/Src/subdir.mk:36: Core/Src/ds1775.o] Error 1
"make -j4 all" terminated with exit code 2. Build might be incomplete.
05:40:28 **** Incremental Build of configuration Debug for project test ****
make -j4 all 
arm-none-eabi-gcc "../Core/Src/ds1775.c" -mcpu=cortex-m4 -std=gnu11 -g3 -DUSE_HAL_DRIVER -DDEBUG -DSTM32F407xx -c -I../Drivers/CMSIS/Include -I../Drivers/STM32F4xx_HAL_Driver/Inc -I../Core/Inc -I../Drivers/CMSIS/Device/ST/STM32F4xx/Include -I../Drivers/STM32F4xx_HAL_Driver/Inc/Legacy -O0 -ffunction-sections -fdata-sections -Wall -fstack-usage -MMD -MP -MF"Core/Src/ds1775.d" -MT"Core/Src/ds1775.o" --specs=nano.specs -mfpu=fpv4-sp-d16 -mfloat-abi=hard -mthumb -o "Core/Src/ds1775.o"
../Core/Src/ds1775.c:30:6: error: conflicting types for 'DS1775_ReadTempature'
 void DS1775_ReadTempature(I2C_HandleTypeDef *hi2c, DS1775_Handle_t *pDS1775, uint16_t DS1775_ADDR,  DS1775_DATA_t *pData)
      ^~~~~~~~~~~~~~~~~~~~
In file included from ../Core/Src/ds1775.c:8:0:
../Core/Inc/ds1775.h:85:6: note: previous declaration of 'DS1775_ReadTempature' was here
 void DS1775_ReadTempature(I2C_HandleTypeDef *hi2c, DS1775_Handle_t *pDS1775, uint16_t DS1775_ADDR);
      ^~~~~~~~~~~~~~~~~~~~
../Core/Src/ds1775.c: In function 'DS1775_ReadTempature':
../Core/Src/ds1775.c:39:14: warning: assignment makes integer from pointer without a cast [-Wint-conversion]
  pData->temp = data_temp;
              ^
../Core/Src/ds1775.c:47:16: warning: implicit declaration of function 'strlen' [-Wimplicit-function-declaration]
   int length = strlen(data_temp);
                ^~~~~~
../Core/Src/ds1775.c:47:16: warning: incompatible implicit declaration of built-in function 'strlen'
../Core/Src/ds1775.c:47:16: note: include '<string.h>' or provide a declaration of 'strlen'
../Core/Src/ds1775.c:47:23: warning: pointer targets in passing argument 1 of 'strlen' differ in signedness [-Wpointer-sign]
   int length = strlen(data_temp);
                       ^~~~~~~~~
../Core/Src/ds1775.c:47:23: note: expected 'const char *' but argument is of type 'uint8_t * {aka unsigned char *}'
../Core/Src/ds1775.c:49:22: warning: suggest parentheses around comparison in operand of '&' [-Wparentheses]
    if(pData->temp>>i & 1 == 0){
                      ^
../Core/Src/ds1775.c:51:22: error: lvalue required as left operand of assignment
     pData->temp >> i |= 1;
                      ^~
make: *** [Core/Src/subdir.mk:36: Core/Src/ds1775.o] Error 1
"make -j4 all" terminated with exit code 2. Build might be incomplete.
05:41:58 **** Incremental Build of configuration Debug for project test ****
make -j4 all 
arm-none-eabi-gcc "../Core/Src/ds1775.c" -mcpu=cortex-m4 -std=gnu11 -g3 -DUSE_HAL_DRIVER -DDEBUG -DSTM32F407xx -c -I../Drivers/CMSIS/Include -I../Drivers/STM32F4xx_HAL_Driver/Inc -I../Core/Inc -I../Drivers/CMSIS/Device/ST/STM32F4xx/Include -I../Drivers/STM32F4xx_HAL_Driver/Inc/Legacy -O0 -ffunction-sections -fdata-sections -Wall -fstack-usage -MMD -MP -MF"Core/Src/ds1775.d" -MT"Core/Src/ds1775.o" --specs=nano.specs -mfpu=fpv4-sp-d16 -mfloat-abi=hard -mthumb -o "Core/Src/ds1775.o"
../Core/Src/ds1775.c:30:6: error: conflicting types for 'DS1775_ReadTempature'
 void DS1775_ReadTempature(I2C_HandleTypeDef *hi2c, DS1775_Handle_t *pDS1775, uint16_t DS1775_ADDR,  DS1775_DATA_t *pData)
      ^~~~~~~~~~~~~~~~~~~~
In file included from ../Core/Src/ds1775.c:8:0:
../Core/Inc/ds1775.h:85:6: note: previous declaration of 'DS1775_ReadTempature' was here
 void DS1775_ReadTempature(I2C_HandleTypeDef *hi2c, DS1775_Handle_t *pDS1775, uint16_t DS1775_ADDR);
      ^~~~~~~~~~~~~~~~~~~~
../Core/Src/ds1775.c: In function 'DS1775_ReadTempature':
../Core/Src/ds1775.c:39:16: warning: cast from pointer to integer of different size [-Wpointer-to-int-cast]
  pData->temp = (uint16_t)data_temp;
                ^
../Core/Src/ds1775.c:47:16: warning: implicit declaration of function 'strlen' [-Wimplicit-function-declaration]
   int length = strlen(data_temp);
                ^~~~~~
../Core/Src/ds1775.c:47:16: warning: incompatible implicit declaration of built-in function 'strlen'
../Core/Src/ds1775.c:47:16: note: include '<string.h>' or provide a declaration of 'strlen'
../Core/Src/ds1775.c:47:23: warning: pointer targets in passing argument 1 of 'strlen' differ in signedness [-Wpointer-sign]
   int length = strlen(data_temp);
                       ^~~~~~~~~
../Core/Src/ds1775.c:47:23: note: expected 'const char *' but argument is of type 'uint8_t * {aka unsigned char *}'
../Core/Src/ds1775.c:49:22: warning: suggest parentheses around comparison in operand of '&' [-Wparentheses]
    if(pData->temp>>i & 1 == 0){
                      ^
../Core/Src/ds1775.c:51:22: error: lvalue required as left operand of assignment
     pData->temp >> i |= 1;
                      ^~
[...]
Finished building target: test.elf
 
arm-none-eabi-objdump -h -S  test.elf  > "test.list"
arm-none-eabi-objcopy  -O binary  test.elf  "test.bin"
arm-none-eabi-size   test.elf 
   text	   data	    bss	    dec	    hex	filename
   6580	     20	   1652	   8252	   203c	test.elf
Finished building: default.size.stdout
Finished building: test.bin
 
 
Finished building: test.list
 
05:05:40 **** Incremental Build of configuration Debug for project test ****
make -j4 all 
arm-none-eabi-gcc "../Core/Src/ds1775.c" -mcpu=cortex-m4 -std=gnu11 -g3 -DUSE_HAL_DRIVER -DDEBUG -DSTM32F407xx -c -I../Drivers/CMSIS/Include -I../Drivers/STM32F4xx_HAL_Driver/Inc -I../Core/Inc -I../Drivers/CMSIS/Device/ST/STM32F4xx/Include -I../Drivers/STM32F4xx_HAL_Driver/Inc/Legacy -O0 -ffunction-sections -fdata-sections -Wall -fstack-usage -MMD -MP -MF"Core/Src/ds1775.d" -MT"Core/Src/ds1775.o" --specs=nano.specs -mfpu=fpv4-sp-d16 -mfloat-abi=hard -mthumb -o "Core/Src/ds1775.o"
../Core/Src/ds1775.c: In function 'DS1775_ReadTempature':
../Core/Src/ds1775.c:66:14: warning: assignment makes integer from pointer without a cast [-Wint-conversion]
  temperature = data;
              ^
../Core/Src/ds1775.c:60:8: warning: unused variable 'decimal' [-Wunused-variable]
  float decimal;
        ^~~~~~~
../Core/Src/ds1775.c:58:16: warning: variable 'minus' set but not used [-Wunused-but-set-variable]
  int8_t digit, minus = 0;
                ^~~~~
../Core/Src/ds1775.c:58:9: warning: unused variable 'digit' [-Wunused-variable]
  int8_t digit, minus = 0;
         ^~~~~
../Core/Src/ds1775.c:57:10: warning: unused variable 'resolution' [-Wunused-variable]
  uint8_t resolution;
          ^~~~~~~~~~
arm-none-eabi-gcc -o "test.elf" @"objects.list"   -mcpu=cortex-m4 -T"A:\ERCAN\code2\test\STM32F407VGTX_FLASH.ld" --specs=nosys.specs -Wl,-Map="test.map" -Wl,--gc-sections -static --specs=nano.specs -mfpu=fpv4-sp-d16 -mfloat-abi=hard -mthumb -Wl,--start-group -lc -lm -Wl,--end-group
Finished building target: test.elf
 
arm-none-eabi-objdump -h -S  test.elf  > "test.list"
arm-none-eabi-objcopy  -O binary  test.elf  "test.bin"
arm-none-eabi-size   test.elf 
   text	   data	    bss	    dec	    hex	filename
   6580	     20	   1652	   8252	   203c	test.elf
Finished building: default.size.stdout
 
Finished building: test.bin
 
Finished building: test.list
 
05:16:41 **** Incremental Build of configuration Debug for project test ****
make -j4 all 
arm-none-eabi-gcc "../Core/Src/ds1775.c" -mcpu=cortex-m4 -std=gnu11 -g3 -DUSE_HAL_DRIVER -DDEBUG -DSTM32F407xx -c -I../Drivers/CMSIS/Include -I../Drivers/STM32F4xx_HAL_Driver/Inc -I../Core/Inc -I../Drivers/CMSIS/Device/ST/STM32F4xx/Include -I../Drivers/STM32F4xx_HAL_Driver/Inc/Legacy -O0 -ffunction-sections -fdata-sections -Wall -fstack-usage -MMD -MP -MF"Core/Src/ds1775.d" -MT"Core/Src/ds1775.o" --specs=nano.specs -mfpu=fpv4-sp-d16 -mfloat-abi=hard -mthumb -o "Core/Src/ds1775.o"
../Core/Src/ds1775.c: In function 'DS1775_ReadTempature':
../Core/Src/ds1775.c:60:8: warning: unused variable 'decimal' [-Wunused-variable]
  float decimal;
        ^~~~~~~
../Core/Src/ds1775.c:58:16: warning: variable 'minus' set but not used [-Wunused-but-set-variable]
  int8_t digit, minus = 0;
                ^~~~~
../Core/Src/ds1775.c:58:9: warning: unused variable 'digit' [-Wunused-variable]
  int8_t digit, minus = 0;
         ^~~~~
../Core/Src/ds1775.c:57:10: warning: unused variable 'resolution' [-Wunused-variable]
  uint8_t resolution;
          ^~~~~~~~~~
arm-none-eabi-gcc -o "test.elf" @"objects.list"   -mcpu=cortex-m4 -T"A:\ERCAN\code2\test\STM32F407VGTX_FLASH.ld" --specs=nosys.specs -Wl,-Map="test.map" -Wl,--gc-sections -static --specs=nano.specs -mfpu=fpv4-sp-d16 -mfloat-abi=hard -mthumb -Wl,--start-group -lc -lm -Wl,--end-group
Finished building target: test.elf
 
arm-none-eabi-objdump -h -S  test.elf  > "test.list"
arm-none-eabi-objcopy  -O binary  test.elf  "test.bin"
arm-none-eabi-size   test.elf 
   text	   data	    bss	    dec	    hex	filename
   6580	     20	   1652	   8252	   203c	test.elf
Finished building: default.size.stdout
 
Finished building: test.bin
 
Finished building: test.list
 
06:34:54 **** Incremental Build of configuration Debug for project test ****
make -j4 all 
arm-none-eabi-gcc "../Core/Src/ds1775.c" -mcpu=cortex-m4 -std=gnu11 -g3 -DUSE_HAL_DRIVER -DDEBUG -DSTM32F407xx -c -I../Drivers/CMSIS/Include -I../Drivers/STM32F4xx_HAL_Driver/Inc -I../Core/Inc -I../Drivers/CMSIS/Device/ST/STM32F4xx/Include -I../Drivers/STM32F4xx_HAL_Driver/Inc/Legacy -O0 -ffunction-sections -fdata-sections -Wall -fstack-usage -MMD -MP -MF"Core/Src/ds1775.d" -MT"Core/Src/ds1775.o" --specs=nano.specs -mfpu=fpv4-sp-d16 -mfloat-abi=hard -mthumb -o "Core/Src/ds1775.o"
../Core/Src/ds1775.c: In function 'DS1775_ReadTempature':
../Core/Src/ds1775.c:90:2: warning: this 'if' clause does not guard... [-Wmisleading-indentation]
  if(minus)
  ^~
../Core/Src/ds1775.c:93:3: note: ...this statement, but the latter is misleadingly indented as if it were guarded by the 'if'
   address = decimal;
   ^~~~~~~
../Core/Src/ds1775.c:37:10: warning: variable 'address' set but not used [-Wunused-but-set-variable]
  uint8_t address = (uint8_t)TEMPERATURE;
          ^~~~~~~
arm-none-eabi-gcc -o "test.elf" @"objects.list"   -mcpu=cortex-m4 -T"A:\ERCAN\code2\test\STM32F407VGTX_FLASH.ld" --specs=nosys.specs -Wl,-Map="test.map" -Wl,--gc-sections -static --specs=nano.specs -mfpu=fpv4-sp-d16 -mfloat-abi=hard -mthumb -Wl,--start-group -lc -lm -Wl,--end-group
Finished building target: test.elf
 
arm-none-eabi-objdump -h -S  test.elf  > "test.list"
arm-none-eabi-objcopy  -O binary  test.elf  "test.bin"
arm-none-eabi-size   test.elf 
   text	   data	    bss	    dec	    hex	filename
   6580	     20	   1652	   8252	   203c	test.elf
Finished building: default.size.stdout
 
Finished building: test.bin
 
Finished building: test.list
 
06:35:48 **** Incremental Build of configuration Debug for project test ****
make -j4 all 
arm-none-eabi-gcc "../Core/Src/ds1775.c" -mcpu=cortex-m4 -std=gnu11 -g3 -DUSE_HAL_DRIVER -DDEBUG -DSTM32F407xx -c -I../Drivers/CMSIS/Include -I../Drivers/STM32F4xx_HAL_Driver/Inc -I../Core/Inc -I../Drivers/CMSIS/Device/ST/STM32F4xx/Include -I../Drivers/STM32F4xx_HAL_Driver/Inc/Legacy -O0 -ffunction-sections -fdata-sections -Wall -fstack-usage -MMD -MP -MF"Core/Src/ds1775.d" -MT"Core/Src/ds1775.o" --specs=nano.specs -mfpu=fpv4-sp-d16 -mfloat-abi=hard -mthumb -o "Core/Src/ds1775.o"
../Core/Src/ds1775.c: In function 'DS1775_ReadTempature':
../Core/Src/ds1775.c:37:10: warning: variable 'address' set but not used [-Wunused-but-set-variable]
  uint8_t address = (uint8_t)TEMPERATURE;
          ^~~~~~~
arm-none-eabi-gcc -o "test.elf" @"objects.list"   -mcpu=cortex-m4 -T"A:\ERCAN\code2\test\STM32F407VGTX_FLASH.ld" --specs=nosys.specs -Wl,-Map="test.map" -Wl,--gc-sections -static --specs=nano.specs -mfpu=fpv4-sp-d16 -mfloat-abi=hard -mthumb -Wl,--start-group -lc -lm -Wl,--end-group
Finished building target: test.elf
 
arm-none-eabi-objdump -h -S  test.elf  > "test.list"
arm-none-eabi-objcopy  -O binary  test.elf  "test.bin"
arm-none-eabi-size   test.elf 
   text	   data	    bss	    dec	    hex	filename
   6580	     20	   1652	   8252	   203c	test.elf
Finished building: default.size.stdout
 
Finished building: test.bin
Finished building: test.list
 
 
06:36:30 **** Incremental Build of configuration Debug for project test ****
make -j4 all 
arm-none-eabi-gcc "../Core/Src/ds1775.c" -mcpu=cortex-m4 -std=gnu11 -g3 -DUSE_HAL_DRIVER -DDEBUG -DSTM32F407xx -c -I../Drivers/CMSIS/Include -I../Drivers/STM32F4xx_HAL_Driver/Inc -I../Core/Inc -I../Drivers/CMSIS/Device/ST/STM32F4xx/Include -I../Drivers/STM32F4xx_HAL_Driver/Inc/Legacy -O0 -ffunction-sections -fdata-sections -Wall -fstack-usage -MMD -MP -MF"Core/Src/ds1775.d" -MT"Core/Src/ds1775.o" --specs=nano.specs -mfpu=fpv4-sp-d16 -mfloat-abi=hard -mthumb -o "Core/Src/ds1775.o"
arm-none-eabi-gcc -o "test.elf" @"objects.list"   -mcpu=cortex-m4 -T"A:\ERCAN\code2\test\STM32F407VGTX_FLASH.ld" --specs=nosys.specs -Wl,-Map="test.map" -Wl,--gc-sections -static --specs=nano.specs -mfpu=fpv4-sp-d16 -mfloat-abi=hard -mthumb -Wl,--start-group -lc -lm -Wl,--end-group
Finished building target: test.elf
 
arm-none-eabi-objdump -h -S  test.elf  > "test.list"
arm-none-eabi-objcopy  -O binary  test.elf  "test.bin"
arm-none-eabi-size   test.elf 
   text	   data	    bss	    dec	    hex	filename
   6580	     20	   1652	   8252	   203c	test.elf
Finished building: default.size.stdout
 
Finished building: test.bin
Finished building: test.list
 
 
06:55:14 **** Incremental Build of configuration Debug for project test ****
make -j4 all 
arm-none-eabi-gcc "../Core/Src/ds1775.c" -mcpu=cortex-m4 -std=gnu11 -g3 -DUSE_HAL_DRIVER -DDEBUG -DSTM32F407xx -c -I../Drivers/CMSIS/Include -I../Drivers/STM32F4xx_HAL_Driver/Inc -I../Core/Inc -I../Drivers/CMSIS/Device/ST/STM32F4xx/Include -I../Drivers/STM32F4xx_HAL_Driver/Inc/Legacy -O0 -ffunction-sections -fdata-sections -Wall -fstack-usage -MMD -MP -MF"Core/Src/ds1775.d" -MT"Core/Src/ds1775.o" --specs=nano.specs -mfpu=fpv4-sp-d16 -mfloat-abi=hard -mthumb -o "Core/Src/ds1775.o"
arm-none-eabi-gcc -o "test.elf" @"objects.list"   -mcpu=cortex-m4 -T"A:\ERCAN\code2\test\STM32F407VGTX_FLASH.ld" --specs=nosys.specs -Wl,-Map="test.map" -Wl,--gc-sections -static --specs=nano.specs -mfpu=fpv4-sp-d16 -mfloat-abi=hard -mthumb -Wl,--start-group -lc -lm -Wl,--end-group
Finished building target: test.elf
 
arm-none-eabi-objdump -h -S  test.elf  > "test.list"
arm-none-eabi-objcopy  -O binary  test.elf  "test.bin"
arm-none-eabi-size   test.elf 
   text	   data	    bss	    dec	    hex	filename
   6580	     20	   1652	   8252	   203c	test.elf
Finished building: default.size.stdout
 
Finished building: test.bin
 
Finished building: test.list
 
07:18:07 **** Incremental Build of configuration Debug for project test ****
make -j4 all 
arm-none-eabi-gcc "../Core/Src/ds1775.c" -mcpu=cortex-m4 -std=gnu11 -g3 -DUSE_HAL_DRIVER -DDEBUG -DSTM32F407xx -c -I../Drivers/CMSIS/Include -I../Drivers/STM32F4xx_HAL_Driver/Inc -I../Core/Inc -I../Drivers/CMSIS/Device/ST/STM32F4xx/Include -I../Drivers/STM32F4xx_HAL_Driver/Inc/Legacy -O0 -ffunction-sections -fdata-sections -Wall -fstack-usage -MMD -MP -MF"Core/Src/ds1775.d" -MT"Core/Src/ds1775.o" --specs=nano.specs -mfpu=fpv4-sp-d16 -mfloat-abi=hard -mthumb -o "Core/Src/ds1775.o"
arm-none-eabi-gcc -o "test.elf" @"objects.list"   -mcpu=cortex-m4 -T"A:\ERCAN\code2\test\STM32F407VGTX_FLASH.ld" --specs=nosys.specs -Wl,-Map="test.map" -Wl,--gc-sections -static --specs=nano.specs -mfpu=fpv4-sp-d16 -mfloat-abi=hard -mthumb -Wl,--start-group -lc -lm -Wl,--end-group
Finished building target: test.elf
 
arm-none-eabi-objdump -h -S  test.elf  > "test.list"
arm-none-eabi-objcopy  -O binary  test.elf  "test.bin"
arm-none-eabi-size   test.elf 
   text	   data	    bss	    dec	    hex	filename
   6580	     20	   1652	   8252	   203c	test.elf
Finished building: default.size.stdout
 
Finished building: test.bin
 
Finished building: test.list
 
07:25:27 **** Incremental Build of configuration Debug for project test ****
make -j4 all 
arm-none-eabi-gcc "../Core/Src/ds1775.c" -mcpu=cortex-m4 -std=gnu11 -g3 -DUSE_HAL_DRIVER -DDEBUG -DSTM32F407xx -c -I../Drivers/CMSIS/Include -I../Drivers/STM32F4xx_HAL_Driver/Inc -I../Core/Inc -I../Drivers/CMSIS/Device/ST/STM32F4xx/Include -I../Drivers/STM32F4xx_HAL_Driver/Inc/Legacy -O0 -ffunction-sections -fdata-sections -Wall -fstack-usage -MMD -MP -MF"Core/Src/ds1775.d" -MT"Core/Src/ds1775.o" --specs=nano.specs -mfpu=fpv4-sp-d16 -mfloat-abi=hard -mthumb -o "Core/Src/ds1775.o"
../Core/Src/ds1775.c:34:15: error: conflicting types for 'DS1775_ReadTempature'
 DS1775_Result DS1775_ReadTempature(I2C_HandleTypeDef *hi2c, uint16_t DS1775_ADDR, DS1775_Data value, DS1775_Resolution resolution)
               ^~~~~~~~~~~~~~~~~~~~
In file included from ../Core/Src/ds1775.c:8:0:
../Core/Inc/ds1775.h:82:15: note: previous declaration of 'DS1775_ReadTempature' was here
 DS1775_Result DS1775_ReadTempature(I2C_HandleTypeDef *hi2c, uint16_t DS1775_ADDR, DS1775_Resolution resolution);
               ^~~~~~~~~~~~~~~~~~~~
../Core/Src/ds1775.c: In function 'DS1775_ReadTempature':
../Core/Src/ds1775.c:92:7: error: invalid type argument of '->' (have 'DS1775_Data {aka struct <anonymous>}')
  value->Temperature = decimal;
       ^~
make: *** [Core/Src/subdir.mk:36: Core/Src/ds1775.o] Error 1
"make -j4 all" terminated with exit code 2. Build might be incomplete.
07:26:08 **** Incremental Build of configuration Debug for project test ****
make -j4 all 
arm-none-eabi-gcc "../Core/Src/ds1775.c" -mcpu=cortex-m4 -std=gnu11 -g3 -DUSE_HAL_DRIVER -DDEBUG -DSTM32F407xx -c -I../Drivers/CMSIS/Include -I../Drivers/STM32F4xx_HAL_Driver/Inc -I../Core/Inc -I../Drivers/CMSIS/Device/ST/STM32F4xx/Include -I../Drivers/STM32F4xx_HAL_Driver/Inc/Legacy -O0 -ffunction-sections -fdata-sections -Wall -fstack-usage -MMD -MP -MF"Core/Src/ds1775.d" -MT"Core/Src/ds1775.o" --specs=nano.specs -mfpu=fpv4-sp-d16 -mfloat-abi=hard -mthumb -o "Core/Src/ds1775.o"
../Core/Src/ds1775.c:34:15: error: conflicting types for 'DS1775_ReadTempature'
 DS1775_Result DS1775_ReadTempature(I2C_HandleTypeDef *hi2c, uint16_t DS1775_ADDR, DS1775_Data value, DS1775_Resolution resolution)
               ^~~~~~~~~~~~~~~~~~~~
In file included from ../Core/Src/ds1775.c:8:0:
../Core/Inc/ds1775.h:82:15: note: previous declaration of 'DS1775_ReadTempature' was here
 DS1775_Result DS1775_ReadTempature(I2C_HandleTypeDef *hi2c, uint16_t DS1775_ADDR, DS1775_Resolution resolution);
               ^~~~~~~~~~~~~~~~~~~~
make: *** [Core/Src/subdir.mk:36: Core/Src/ds1775.o] Error 1
"make -j4 all" terminated with exit code 2. Build might be incomplete.
07:26:54 **** Incremental Build of configuration Debug for project test ****
make -j4 all 
arm-none-eabi-gcc "../Core/Src/ds1775.c" -mcpu=cortex-m4 -std=gnu11 -g3 -DUSE_HAL_DRIVER -DDEBUG -DSTM32F407xx -c -I../Drivers/CMSIS/Include -I../Drivers/STM32F4xx_HAL_Driver/Inc -I../Core/Inc -I../Drivers/CMSIS/Device/ST/STM32F4xx/Include -I../Drivers/STM32F4xx_HAL_Driver/Inc/Legacy -O0 -ffunction-sections -fdata-sections -Wall -fstack-usage -MMD -MP -MF"Core/Src/ds1775.d" -MT"Core/Src/ds1775.o" --specs=nano.specs -mfpu=fpv4-sp-d16 -mfloat-abi=hard -mthumb -o "Core/Src/ds1775.o"
arm-none-eabi-gcc -o "test.elf" @"objects.list"   -mcpu=cortex-m4 -T"A:\ERCAN\code2\test\STM32F407VGTX_FLASH.ld" --specs=nosys.specs -Wl,-Map="test.map" -Wl,--gc-sections -static --specs=nano.specs -mfpu=fpv4-sp-d16 -mfloat-abi=hard -mthumb -Wl,--start-group -lc -lm -Wl,--end-group
Finished building target: test.elf
 
arm-none-eabi-objdump -h -S  test.elf  > "test.list"
arm-none-eabi-objcopy  -O binary  test.elf  "test.bin"
arm-none-eabi-size   test.elf 
   text	   data	    bss	    dec	    hex	filename
   6580	     20	   1652	   8252	   203c	test.elf
Finished building: default.size.stdout
 
Finished building: test.bin
 
Finished building: test.list
 
07:45:38 **** Incremental Build of configuration Debug for project test ****
make -j4 all 
arm-none-eabi-gcc "../Core/Src/ds1775.c" -mcpu=cortex-m4 -std=gnu11 -g3 -DUSE_HAL_DRIVER -DDEBUG -DSTM32F407xx -c -I../Drivers/CMSIS/Include -I../Drivers/STM32F4xx_HAL_Driver/Inc -I../Core/Inc -I../Drivers/CMSIS/Device/ST/STM32F4xx/Include -I../Drivers/STM32F4xx_HAL_Driver/Inc/Legacy -O0 -ffunction-sections -fdata-sections -Wall -fstack-usage -MMD -MP -MF"Core/Src/ds1775.d" -MT"Core/Src/ds1775.o" --specs=nano.specs -mfpu=fpv4-sp-d16 -mfloat-abi=hard -mthumb -o "Core/Src/ds1775.o"
arm-none-eabi-gcc "../Core/Src/main.c" -mcpu=cortex-m4 -std=gnu11 -g3 -DUSE_HAL_DRIVER -DDEBUG -DSTM32F407xx -c -I../Drivers/CMSIS/Include -I../Drivers/STM32F4xx_HAL_Driver/Inc -I../Core/Inc -I../Drivers/CMSIS/Device/ST/STM32F4xx/Include -I../Drivers/STM32F4xx_HAL_Driver/Inc/Legacy -O0 -ffunction-sections -fdata-sections -Wall -fstack-usage -MMD -MP -MF"Core/Src/main.d" -MT"Core/Src/main.o" --specs=nano.specs -mfpu=fpv4-sp-d16 -mfloat-abi=hard -mthumb -o "Core/Src/main.o"
../Core/Src/main.c: In function 'main':
../Core/Src/main.c:73:32: error: 'ds1775' undeclared (first use in this function)
  result = DS1775_Init(&hi2c1, &ds1775, DS1775_COMPAROTOR_MODE, DS1775_TEMP_RES_9, DS1775_FAULT_TOL1);
                                ^~~~~~
../Core/Src/main.c:73:32: note: each undeclared identifier is reported only once for each function it appears in
../Core/Src/main.c:72:16: warning: variable 'result' set but not used [-Wunused-but-set-variable]
  DS1775_Result result;
                ^~~~~~
make: *** [Core/Src/subdir.mk:38: Core/Src/main.o] Error 1
make: *** Waiting for unfinished jobs....
"make -j4 all" terminated with exit code 2. Build might be incomplete.
07:48:21 **** Incremental Build of configuration Debug for project test ****
make -j4 all 
arm-none-eabi-gcc "../Core/Src/ds1775.c" -mcpu=cortex-m4 -std=gnu11 -g3 -DUSE_HAL_DRIVER -DDEBUG -DSTM32F407xx -c -I../Drivers/CMSIS/Include -I../Drivers/STM32F4xx_HAL_Driver/Inc -I../Core/Inc -I../Drivers/CMSIS/Device/ST/STM32F4xx/Include -I../Drivers/STM32F4xx_HAL_Driver/Inc/Legacy -O0 -ffunction-sections -fdata-sections -Wall -fstack-usage -MMD -MP -MF"Core/Src/ds1775.d" -MT"Core/Src/ds1775.o" --specs=nano.specs -mfpu=fpv4-sp-d16 -mfloat-abi=hard -mthumb -o "Core/Src/ds1775.o"
arm-none-eabi-gcc "../Core/Src/main.c" -mcpu=cortex-m4 -std=gnu11 -g3 -DUSE_HAL_DRIVER -DDEBUG -DSTM32F407xx -c -I../Drivers/CMSIS/Include -I../Drivers/STM32F4xx_HAL_Driver/Inc -I../Core/Inc -I../Drivers/CMSIS/Device/ST/STM32F4xx/Include -I../Drivers/STM32F4xx_HAL_Driver/Inc/Legacy -O0 -ffunction-sections -fdata-sections -Wall -fstack-usage -MMD -MP -MF"Core/Src/main.d" -MT"Core/Src/main.o" --specs=nano.specs -mfpu=fpv4-sp-d16 -mfloat-abi=hard -mthumb -o "Core/Src/main.o"
../Core/Src/main.c: In function 'main':
../Core/Src/main.c:72:16: warning: variable 'result' set but not used [-Wunused-but-set-variable]
  DS1775_Result result;
                ^~~~~~
arm-none-eabi-gcc -o "test.elf" @"objects.list"   -mcpu=cortex-m4 -T"A:\ERCAN\code2\test\STM32F407VGTX_FLASH.ld" --specs=nosys.specs -Wl,-Map="test.map" -Wl,--gc-sections -static --specs=nano.specs -mfpu=fpv4-sp-d16 -mfloat-abi=hard -mthumb -Wl,--start-group -lc -lm -Wl,--end-group
Finished building target: test.elf
 
arm-none-eabi-objdump -h -S  test.elf  > "test.list"
arm-none-eabi-objcopy  -O binary  test.elf  "test.bin"
arm-none-eabi-size   test.elf 
   text	   data	    bss	    dec	    hex	filename
  15560	    120	   1688	  17368	   43d8	test.elf
Finished building: default.size.stdout
 
Finished building: test.bin
 
Finished building: test.list
 
07:51:33 **** Incremental Build of configuration Debug for project test ****
make -j4 all 
arm-none-eabi-gcc "../Core/Src/main.c" -mcpu=cortex-m4 -std=gnu11 -g3 -DUSE_HAL_DRIVER -DDEBUG -DSTM32F407xx -c -I../Drivers/CMSIS/Include -I../Drivers/STM32F4xx_HAL_Driver/Inc -I../Core/Inc -I../Drivers/CMSIS/Device/ST/STM32F4xx/Include -I../Drivers/STM32F4xx_HAL_Driver/Inc/Legacy -O0 -ffunction-sections -fdata-sections -Wall -fstack-usage -MMD -MP -MF"Core/Src/main.d" -MT"Core/Src/main.o" --specs=nano.specs -mfpu=fpv4-sp-d16 -mfloat-abi=hard -mthumb -o "Core/Src/main.o"
arm-none-eabi-gcc -o "test.elf" @"objects.list"   -mcpu=cortex-m4 -T"A:\ERCAN\code2\test\STM32F407VGTX_FLASH.ld" --specs=nosys.specs -Wl,-Map="test.map" -Wl,--gc-sections -static --specs=nano.specs -mfpu=fpv4-sp-d16 -mfloat-abi=hard -mthumb -Wl,--start-group -lc -lm -Wl,--end-group
Finished building target: test.elf
 
arm-none-eabi-objdump -h -S  test.elf  > "test.list"
arm-none-eabi-objcopy  -O binary  test.elf  "test.bin"
arm-none-eabi-size   test.elf 
   text	   data	    bss	    dec	    hex	filename
  15564	    120	   1688	  17372	   43dc	test.elf
Finished building: default.size.stdout
 
Finished building: test.bin
 
Finished building: test.list
 
